Component: ARM Compiler 5.06 update 4 (build 422) Tool: armlink [4d35d2]

==============================================================================

Section Cross References

    main.o(i.SystemClock_Config) refers to rt_memclr_w.o(.text) for __aeabi_memclr4
    main.o(i.SystemClock_Config) refers to stm32l1xx_hal_rcc.o(i.HAL_RCC_OscConfig) for HAL_RCC_OscConfig
    main.o(i.SystemClock_Config) refers to main.o(i.Error_Handler) for Error_Handler
    main.o(i.SystemClock_Config) refers to stm32l1xx_hal_rcc.o(i.HAL_RCC_ClockConfig) for HAL_RCC_ClockConfig
    main.o(i.main) refers to stm32l1xx_hal.o(i.HAL_Init) for HAL_Init
    main.o(i.main) refers to main.o(i.SystemClock_Config) for SystemClock_Config
    main.o(i.main) refers to stm32l1xx_hal_tim.o(i.HAL_TIM_Base_Init) for HAL_TIM_Base_Init
    main.o(i.main) refers to stm32l1xx_hal_gpio.o(i.HAL_GPIO_Init) for HAL_GPIO_Init
    main.o(i.main) refers to serv_port.o(i.serv_port_init) for serv_port_init
    main.o(i.main) refers to acc_aes.o(i.acc_aes_init) for acc_aes_init
    main.o(i.main) refers to my_aes.o(i.aes128_expand_key) for aes128_expand_key
    main.o(i.main) refers to stm32l1xx_hal_flash.o(i.HAL_FLASH_Unlock) for HAL_FLASH_Unlock
    main.o(i.main) refers to stm32l1xx_hal_gpio.o(i.HAL_GPIO_TogglePin) for HAL_GPIO_TogglePin
    main.o(i.main) refers to stm32l1xx_hal_flash_ex.o(i.HAL_FLASHEx_Erase) for HAL_FLASHEx_Erase
    main.o(i.main) refers to stm32l1xx_hal_flash.o(i.HAL_FLASH_Lock) for HAL_FLASH_Lock
    main.o(i.main) refers to main.o(.bss) for perf_tim
    main.o(i.main) refers to main.o(.data) for perf_htim
    main.o(i.main) refers to user.o(.bss) for memspace_map
    main.o(i.main) refers to my_aes.o(.bss) for aes_ciphertext_buf
    main.o(i.print_state) refers to _printf_pad.o(.text) for _printf_pre_padding
    main.o(i.print_state) refers to _printf_percent.o(.ARM.Collect$$_printf_percent$$00000000) for _printf_percent
    main.o(i.print_state) refers to _printf_x.o(.ARM.Collect$$_printf_percent$$0000000C) for _printf_x
    main.o(i.print_state) refers to _printf_hex_int.o(.text) for _printf_longlong_hex
    main.o(i.print_state) refers to rt_memclr_w.o(.text) for __aeabi_memclr4
    main.o(i.print_state) refers to noretval__2snprintf.o(.text) for __2snprintf
    main.o(i.print_state) refers to strlen.o(.text) for strlen
    main.o(i.print_state) refers to stm32l1xx_hal_uart.o(i.HAL_UART_Transmit) for HAL_UART_Transmit
    main.o(i.print_words) refers to _printf_pad.o(.text) for _printf_pre_padding
    main.o(i.print_words) refers to _printf_percent.o(.ARM.Collect$$_printf_percent$$00000000) for _printf_percent
    main.o(i.print_words) refers to _printf_x.o(.ARM.Collect$$_printf_percent$$0000000C) for _printf_x
    main.o(i.print_words) refers to _printf_hex_int.o(.text) for _printf_longlong_hex
    main.o(i.print_words) refers to rt_memclr_w.o(.text) for __aeabi_memclr4
    main.o(i.print_words) refers to noretval__2snprintf.o(.text) for __2snprintf
    main.o(i.print_words) refers to stm32l1xx_hal_uart.o(i.HAL_UART_Transmit) for HAL_UART_Transmit
    main.o(i.print_words) refers to strlen.o(.text) for strlen
    stm32l1xx_it.o(i.SysTick_Handler) refers to stm32l1xx_hal.o(i.HAL_IncTick) for HAL_IncTick
    stm32l1xx_it.o(i.USART2_IRQHandler) refers to stm32l1xx_hal_clbk.o(i.HAL_UART_RxCpltCallback) for HAL_UART_RxCpltCallback
    stm32l1xx_it.o(i.USART2_IRQHandler) refers to serv_port.o(.data) for serv_port_huart
    stm32l1xx_hal_msp.o(i.HAL_CRYP_MspInit) refers to stm32l1xx_hal_cortex.o(i.HAL_NVIC_SetPriority) for HAL_NVIC_SetPriority
    stm32l1xx_hal_msp.o(i.HAL_CRYP_MspInit) refers to stm32l1xx_hal_cortex.o(i.HAL_NVIC_EnableIRQ) for HAL_NVIC_EnableIRQ
    stm32l1xx_hal_msp.o(i.HAL_UART_MspDeInit) refers to stm32l1xx_hal_gpio.o(i.HAL_GPIO_DeInit) for HAL_GPIO_DeInit
    stm32l1xx_hal_msp.o(i.HAL_UART_MspInit) refers to stm32l1xx_hal_gpio.o(i.HAL_GPIO_Init) for HAL_GPIO_Init
    stm32l1xx_hal_msp.o(i.HAL_UART_MspInit) refers to stm32l1xx_hal_cortex.o(i.HAL_NVIC_SetPriority) for HAL_NVIC_SetPriority
    stm32l1xx_hal_msp.o(i.HAL_UART_MspInit) refers to stm32l1xx_hal_cortex.o(i.HAL_NVIC_EnableIRQ) for HAL_NVIC_EnableIRQ
    my_aes.o(i.aes128_dec_block) refers to my_aes.o(i.aes128_add_roundkey) for aes128_add_roundkey
    my_aes.o(i.aes128_dec_block) refers to my_aes.o(i.aes128_inv_shift_rows) for aes128_inv_shift_rows
    my_aes.o(i.aes128_dec_block) refers to my_aes.o(i.aes128_inv_sub_bytes) for aes128_inv_sub_bytes
    my_aes.o(i.aes128_dec_block) refers to my_aes.o(i.aes128_inv_mix_columns) for aes128_inv_mix_columns
    my_aes.o(i.aes128_dec_cbc) refers to rt_memcpy_v6.o(.text) for __aeabi_memcpy
    my_aes.o(i.aes128_dec_cbc) refers to my_aes.o(i.aes128_dec_block) for aes128_dec_block
    my_aes.o(i.aes128_dec_cbc) refers to stm32l1xx_hal_flash.o(i.HAL_FLASH_Program) for HAL_FLASH_Program
    my_aes.o(i.aes128_dec_ecb) refers to rt_memcpy_v6.o(.text) for __aeabi_memcpy
[...]
    D:\mbed Shared\en.stm32cubel1\STM32Cube_FW_L1_V1.6.0\Drivers\STM32L1xx_HAL_Driver\Src\stm32l1xx_ll_dac.c 0x00000000   Number         0  stm32l1xx_ll_dac.o ABSOLUTE
    D:\mbed Shared\en.stm32cubel1\STM32Cube_FW_L1_V1.6.0\Drivers\STM32L1xx_HAL_Driver\Src\stm32l1xx_ll_dma.c 0x00000000   Number         0  stm32l1xx_ll_dma.o ABSOLUTE
    D:\mbed Shared\en.stm32cubel1\STM32Cube_FW_L1_V1.6.0\Drivers\STM32L1xx_HAL_Driver\Src\stm32l1xx_ll_exti.c 0x00000000   Number         0  stm32l1xx_ll_exti.o ABSOLUTE
    D:\mbed Shared\en.stm32cubel1\STM32Cube_FW_L1_V1.6.0\Drivers\STM32L1xx_HAL_Driver\Src\stm32l1xx_ll_fsmc.c 0x00000000   Number         0  stm32l1xx_ll_fsmc.o ABSOLUTE
    D:\mbed Shared\en.stm32cubel1\STM32Cube_FW_L1_V1.6.0\Drivers\STM32L1xx_HAL_Driver\Src\stm32l1xx_ll_gpio.c 0x00000000   Number         0  stm32l1xx_ll_gpio.o ABSOLUTE
    D:\mbed Shared\en.stm32cubel1\STM32Cube_FW_L1_V1.6.0\Drivers\STM32L1xx_HAL_Driver\Src\stm32l1xx_ll_i2c.c 0x00000000   Number         0  stm32l1xx_ll_i2c.o ABSOLUTE
    D:\mbed Shared\en.stm32cubel1\STM32Cube_FW_L1_V1.6.0\Drivers\STM32L1xx_HAL_Driver\Src\stm32l1xx_ll_opamp.c 0x00000000   Number         0  stm32l1xx_ll_opamp.o ABSOLUTE
    D:\mbed Shared\en.stm32cubel1\STM32Cube_FW_L1_V1.6.0\Drivers\STM32L1xx_HAL_Driver\Src\stm32l1xx_ll_pwr.c 0x00000000   Number         0  stm32l1xx_ll_pwr.o ABSOLUTE
    D:\mbed Shared\en.stm32cubel1\STM32Cube_FW_L1_V1.6.0\Drivers\STM32L1xx_HAL_Driver\Src\stm32l1xx_ll_rcc.c 0x00000000   Number         0  stm32l1xx_ll_rcc.o ABSOLUTE
    D:\mbed Shared\en.stm32cubel1\STM32Cube_FW_L1_V1.6.0\Drivers\STM32L1xx_HAL_Driver\Src\stm32l1xx_ll_rtc.c 0x00000000   Number         0  stm32l1xx_ll_rtc.o ABSOLUTE
    D:\mbed Shared\en.stm32cubel1\STM32Cube_FW_L1_V1.6.0\Drivers\STM32L1xx_HAL_Driver\Src\stm32l1xx_ll_sdmmc.c 0x00000000   Number         0  stm32l1xx_ll_sdmmc.o ABSOLUTE
    D:\mbed Shared\en.stm32cubel1\STM32Cube_FW_L1_V1.6.0\Drivers\STM32L1xx_HAL_Driver\Src\stm32l1xx_ll_spi.c 0x00000000   Number         0  stm32l1xx_ll_spi.o ABSOLUTE
    D:\mbed Shared\en.stm32cubel1\STM32Cube_FW_L1_V1.6.0\Drivers\STM32L1xx_HAL_Driver\Src\stm32l1xx_ll_tim.c 0x00000000   Number         0  stm32l1xx_ll_tim.o ABSOLUTE
    D:\mbed Shared\en.stm32cubel1\STM32Cube_FW_L1_V1.6.0\Drivers\STM32L1xx_HAL_Driver\Src\stm32l1xx_ll_usart.c 0x00000000   Number         0  stm32l1xx_ll_usart.o ABSOLUTE
    RTE\Device\STM32L162RD\startup_stm32l162xd.s 0x00000000   Number         0  startup_stm32l162xd.o ABSOLUTE
    RTE\Device\STM32L162RD\system_stm32l1xx.c 0x00000000   Number         0  system_stm32l1xx_1.o ABSOLUTE
    RTE\\Device\\STM32L162RD\\system_stm32l1xx.c 0x00000000   Number         0  system_stm32l1xx_1.o ABSOLUTE
    acc_aes.c                                0x00000000   Number         0  acc_aes.o ABSOLUTE
    acc_aes.c                                0x00000000   Number         0  acc_aes.o ABSOLUTE
    dc.s                                     0x00000000   Number         0  dc.o ABSOLUTE
    main.c                                   0x00000000   Number         0  main.o ABSOLUTE
    main.c                                   0x00000000   Number         0  main.o ABSOLUTE
    my_aes.c                                 0x00000000   Number         0  my_aes.o ABSOLUTE
    my_aes.c                                 0x00000000   Number         0  my_aes.o ABSOLUTE
    serv_port.c                              0x00000000   Number         0  serv_port.o ABSOLUTE
    serv_port.c                              0x00000000   Number         0  serv_port.o ABSOLUTE
    serv_port_handlers.c                     0x00000000   Number         0  serv_port_handlers.o ABSOLUTE
    serv_port_handlers.c                     0x00000000   Number         0  serv_port_handlers.o ABSOLUTE
    stm32l1xx_hal_clbk.c                     0x00000000   Number         0  stm32l1xx_hal_clbk.o ABSOLUTE
    stm32l1xx_hal_clbk.c                     0x00000000   Number         0  stm32l1xx_hal_clbk.o ABSOLUTE
    stm32l1xx_hal_msp.c                      0x00000000   Number         0  stm32l1xx_hal_msp.o ABSOLUTE
    stm32l1xx_hal_msp.c                      0x00000000   Number         0  stm32l1xx_hal_msp.o ABSOLUTE
    stm32l1xx_it.c                           0x00000000   Number         0  stm32l1xx_it.o ABSOLUTE
    stm32l1xx_it.c                           0x00000000   Number         0  stm32l1xx_it.o ABSOLUTE
    system_stm32l1xx.c                       0x00000000   Number         0  system_stm32l1xx.o ABSOLUTE
    system_stm32l1xx.c                       0x00000000   Number         0  system_stm32l1xx.o ABSOLUTE
    user.c                                   0x00000000   Number         0  user.o ABSOLUTE
    user.c                                   0x00000000   Number         0  user.o ABSOLUTE
    RESET                                    0x08000000   Section      292  startup_stm32l162xd.o(RESET)
    !!!main                                  0x08000124   Section        8  __main.o(!!!main)
    !!!scatter                               0x0800012c   Section       52  __scatter.o(!!!scatter)
    !!handler_copy                           0x08000160   Section       26  __scatter_copy.o(!!handler_copy)
    !!handler_zi                             0x0800017c   Section       28  __scatter_zi.o(!!handler_zi)
    .ARM.Collect$$_printf_percent$$00000000  0x08000198   Section        0  _printf_percent.o(.ARM.Collect$$_printf_percent$$00000000)
    .ARM.Collect$$_printf_percent$$00000008  0x08000198   Section        6  _printf_i.o(.ARM.Collect$$_printf_percent$$00000008)
    .ARM.Collect$$_printf_percent$$0000000A  0x0800019e   Section        6  _printf_u.o(.ARM.Collect$$_printf_percent$$0000000A)
    .ARM.Collect$$_printf_percent$$00000013  0x080001a4   Section        6  _printf_c.o(.ARM.Collect$$_printf_percent$$00000013)
    .ARM.Collect$$_printf_percent$$00000014  0x080001aa   Section        6  _printf_s.o(.ARM.Collect$$_printf_percent$$00000014)
    .ARM.Collect$$_printf_percent$$00000017  0x080001b0   Section        4  _printf_percent_end.o(.ARM.Collect$$_printf_percent$$00000017)
    .ARM.Collect$$libinit$$00000000          0x080001b4   Section        2  libinit.o(.ARM.Collect$$libinit$$00000000)
    .ARM.Collect$$libinit$$00000002          0x080001b6   Section        0  libinit2.o(.ARM.Collect$$libinit$$00000002)
    .ARM.Collect$$libinit$$00000004          0x080001b6   Section        0  libinit2.o(.ARM.Collect$$libinit$$00000004)
    .ARM.Collect$$libinit$$0000000A          0x080001b6   Section        0  libinit2.o(.ARM.Collect$$libinit$$0000000A)
    .ARM.Collect$$libinit$$0000000C          0x080001b6   Section        0  libinit2.o(.ARM.Collect$$libinit$$0000000C)
    .ARM.Collect$$libinit$$0000000E          0x080001b6   Section        0  libinit2.o(.ARM.Collect$$libinit$$0000000E)
    .ARM.Collect$$libinit$$0000000F          0x080001b6   Section        6  libinit2.o(.ARM.Collect$$libinit$$0000000F)
    .ARM.Collect$$libinit$$00000011          0x080001bc   Section        0  libinit2.o(.ARM.Collect$$libinit$$00000011)
    .ARM.Collect$$libinit$$00000012          0x080001bc   Section       12  libinit2.o(.ARM.Collect$$libinit$$00000012)
    .ARM.Collect$$libinit$$00000013          0x080001c8   Section        0  libinit2.o(.ARM.Collect$$libinit$$00000013)
    .ARM.Collect$$libinit$$00000015          0x080001c8   Section        0  libinit2.o(.ARM.Collect$$libinit$$00000015)
    .ARM.Collect$$libinit$$00000017          0x080001c8   Section        0  libinit2.o(.ARM.Collect$$libinit$$00000017)
    .ARM.Collect$$libinit$$00000019          0x080001c8   Section        0  libinit2.o(.ARM.Collect$$libinit$$00000019)
    .ARM.Collect$$libinit$$0000001B          0x080001c8   Section        0  libinit2.o(.ARM.Collect$$libinit$$0000001B)
    .ARM.Collect$$libinit$$0000001D          0x080001c8   Section        0  libinit2.o(.ARM.Collect$$libinit$$0000001D)
    .ARM.Collect$$libinit$$0000001F          0x080001c8   Section        0  libinit2.o(.ARM.Collect$$libinit$$0000001F)
    .ARM.Collect$$libinit$$00000021          0x080001c8   Section        0  libinit2.o(.ARM.Collect$$libinit$$00000021)
    .ARM.Collect$$libinit$$00000023          0x080001c8   Section        0  libinit2.o(.ARM.Collect$$libinit$$00000023)
    .ARM.Collect$$libinit$$00000025          0x080001c8   Section        0  libinit2.o(.ARM.Collect$$libinit$$00000025)
    .ARM.Collect$$libinit$$0000002C          0x080001c8   Section        0  libinit2.o(.ARM.Collect$$libinit$$0000002C)
    .ARM.Collect$$libinit$$0000002E          0x080001c8   Section        0  libinit2.o(.ARM.Collect$$libinit$$0000002E)
    .ARM.Collect$$libinit$$00000030          0x080001c8   Section        0  libinit2.o(.ARM.Collect$$libinit$$00000030)
    .ARM.Collect$$libinit$$00000032          0x080001c8   Section        0  libinit2.o(.ARM.Collect$$libinit$$00000032)
    .ARM.Collect$$libinit$$00000033          0x080001c8   Section        2  libinit2.o(.ARM.Collect$$libinit$$00000033)
    .ARM.Collect$$libshutdown$$00000000      0x080001ca   Section        2  libshutdown.o(.ARM.Collect$$libshutdown$$00000000)
    .ARM.Collect$$libshutdown$$00000002      0x080001cc   Section        0  libshutdown2.o(.ARM.Collect$$libshutdown$$00000002)
    .ARM.Collect$$libshutdown$$00000004      0x080001cc   Section        0  libshutdown2.o(.ARM.Collect$$libshutdown$$00000004)
    .ARM.Collect$$libshutdown$$00000007      0x080001cc   Section        0  libshutdown2.o(.ARM.Collect$$libshutdown$$00000007)
    .ARM.Collect$$libshutdown$$0000000A      0x080001cc   Section        0  libshutdown2.o(.ARM.Collect$$libshutdown$$0000000A)
    .ARM.Collect$$libshutdown$$0000000C      0x080001cc   Section        0  libshutdown2.o(.ARM.Collect$$libshutdown$$0000000C)
    .ARM.Collect$$libshutdown$$0000000F      0x080001cc   Section        0  libshutdown2.o(.ARM.Collect$$libshutdown$$0000000F)
    .ARM.Collect$$libshutdown$$00000010      0x080001cc   Section        2  libshutdown2.o(.ARM.Collect$$libshutdown$$00000010)
    .ARM.Collect$$rtentry$$00000000          0x080001ce   Section        0  __rtentry.o(.ARM.Collect$$rtentry$$00000000)
    .ARM.Collect$$rtentry$$00000002          0x080001ce   Section        0  __rtentry2.o(.ARM.Collect$$rtentry$$00000002)
    .ARM.Collect$$rtentry$$00000004          0x080001ce   Section        6  __rtentry4.o(.ARM.Collect$$rtentry$$00000004)
    .ARM.Collect$$rtentry$$00000009          0x080001d4   Section        0  __rtentry2.o(.ARM.Collect$$rtentry$$00000009)
    .ARM.Collect$$rtentry$$0000000A          0x080001d4   Section        4  __rtentry2.o(.ARM.Collect$$rtentry$$0000000A)
    .ARM.Collect$$rtentry$$0000000C          0x080001d8   Section        0  __rtentry2.o(.ARM.Collect$$rtentry$$0000000C)
    .ARM.Collect$$rtentry$$0000000D          0x080001d8   Section        8  __rtentry2.o(.ARM.Collect$$rtentry$$0000000D)
    .ARM.Collect$$rtexit$$00000000           0x080001e0   Section        2  rtexit.o(.ARM.Collect$$rtexit$$00000000)
    .ARM.Collect$$rtexit$$00000002           0x080001e2   Section        0  rtexit2.o(.ARM.Collect$$rtexit$$00000002)
    .ARM.Collect$$rtexit$$00000003           0x080001e2   Section        4  rtexit2.o(.ARM.Collect$$rtexit$$00000003)
    .ARM.Collect$$rtexit$$00000004           0x080001e6   Section        6  rtexit2.o(.ARM.Collect$$rtexit$$00000004)
    .text                                    0x080001ec   Section       64  startup_stm32l162xd.o(.text)
    .text                                    0x0800022c   Section        8  rt_errno_addr_intlibspace.o(.text)
    .text                                    0x08000234   Section        0  noretval__2snprintf.o(.text)
    .text                                    0x08000268   Section        0  _printf_str.o(.text)
    .text                                    0x080002bc   Section        0  _printf_dec.o(.text)
    .text                                    0x08000334   Section        0  __printf_flags_wp.o(.text)
    .text                                    0x0800046c   Section        0  strtol.o(.text)
    .text                                    0x080004dc   Section        0  strtok_r.o(.text)
    .text                                    0x080004e0   Section        0  strlen.o(.text)
    .text                                    0x0800051e   Section      138  rt_memcpy_v6.o(.text)
    .text                                    0x080005a8   Section       78  rt_memclr_w.o(.text)
    .text                                    0x080005f8   Section      128  strcmpv7m.o(.text)
    .text                                    0x08000678   Section        0  heapauxi.o(.text)
    .text                                    0x08000680   Section        8  libspace.o(.text)
    .text                                    0x08000688   Section       16  rt_ctype_table.o(.text)
    .text                                    0x08000698   Section        0  _printf_intcommon.o(.text)
    .text                                    0x0800074c   Section        0  _printf_char_common.o(.text)
    _printf_input_char                       0x0800074d   Thumb Code    10  _printf_char_common.o(.text)
    .text                                    0x0800077c   Section        0  _sputc.o(.text)
    .text                                    0x08000786   Section        0  _snputc.o(.text)
    .text                                    0x08000796   Section        0  _printf_char.o(.text)
    .text                                    0x080007c2   Section        0  _strtoul.o(.text)
    .text                                    0x08000860   Section        0  strtok_int.o(.text)
    .text                                    0x080008a4   Section      100  rt_memcpy_w.o(.text)
    .text                                    0x08000908   Section        8  rt_locale_intlibspace.o(.text)
    .text                                    0x08000910   Section        0  _chval.o(.text)
    .text                                    0x0800092c   Section        0  strcspn.o(.text)
    .text                                    0x0800094c   Section        0  strspn.o(.text)
    .text                                    0x08000968   Section       74  sys_stackheap_outer.o(.text)
    .text                                    0x080009b2   Section        0  exit.o(.text)
    .text                                    0x080009c4   Section        0  sys_exit.o(.text)
    .text                                    0x080009d0   Section        2  use_no_semi.o(.text)
    .text                                    0x080009d2   Section        0  indicate_semi.o(.text)
    i.BusFault_Handler                       0x080009d2   Section        0  stm32l1xx_it.o(i.BusFault_Handler)
    i.CRYP_ProcessData                       0x080009d6   Section        0  stm32l1xx_hal_cryp.o(i.CRYP_ProcessData)
    CRYP_ProcessData                         0x080009d7   Thumb Code   176  stm32l1xx_hal_cryp.o(i.CRYP_ProcessData)
    i.CRYP_SetKey                            0x08000a86   Section        0  stm32l1xx_hal_cryp.o(i.CRYP_SetKey)
    CRYP_SetKey                              0x08000a87   Thumb Code    46  stm32l1xx_hal_cryp.o(i.CRYP_SetKey)
    i.DebugMon_Handler                       0x08000ab4   Section        0  stm32l1xx_it.o(i.DebugMon_Handler)
    i.Error_Handler                          0x08000ab6   Section        0  main.o(i.Error_Handler)
    Error_Handler                            0x08000ab7   Thumb Code     4  main.o(i.Error_Handler)
    i.FLASH_PageErase                        0x08000abc   Section        0  stm32l1xx_hal_flash_ex.o(i.FLASH_PageErase)
    i.FLASH_SetErrorCode                     0x08000aec   Section        0  stm32l1xx_hal_flash.o(i.FLASH_SetErrorCode)
    FLASH_SetErrorCode                       0x08000aed   Thumb Code   128  stm32l1xx_hal_flash.o(i.FLASH_SetErrorCode)
    i.FLASH_WaitForLastOperation             0x08000b74   Section        0  stm32l1xx_hal_flash.o(i.FLASH_WaitForLastOperation)
    i.HAL_CRYP_AESECB_Decrypt                0x08000bf8   Section        0  stm32l1xx_hal_cryp.o(i.HAL_CRYP_AESECB_Decrypt)
    i.HAL_CRYP_AESECB_Encrypt                0x08000cba   Section        0  stm32l1xx_hal_cryp.o(i.HAL_CRYP_AESECB_Encrypt)
    i.HAL_CRYP_DeInit                        0x08000d78   Section        0  stm32l1xx_hal_cryp.o(i.HAL_CRYP_DeInit)
    i.HAL_CRYP_Init                          0x08000db6   Section        0  stm32l1xx_hal_cryp.o(i.HAL_CRYP_Init)
    i.HAL_CRYP_MspDeInit                     0x08000e08   Section        0  stm32l1xx_hal_msp.o(i.HAL_CRYP_MspDeInit)
    i.HAL_CRYP_MspInit                       0x08000e24   Section        0  stm32l1xx_hal_msp.o(i.HAL_CRYP_MspInit)
    i.HAL_FLASHEx_Erase                      0x08000e74   Section        0  stm32l1xx_hal_flash_ex.o(i.HAL_FLASHEx_Erase)
    i.HAL_FLASH_Lock                         0x08000f04   Section        0  stm32l1xx_hal_flash.o(i.HAL_FLASH_Lock)
    i.HAL_FLASH_Program                      0x08000f18   Section        0  stm32l1xx_hal_flash.o(i.HAL_FLASH_Program)
    i.HAL_FLASH_Unlock                       0x08000f6c   Section        0  stm32l1xx_hal_flash.o(i.HAL_FLASH_Unlock)
    i.HAL_GPIO_Init                          0x08000fb8   Section        0  stm32l1xx_hal_gpio.o(i.HAL_GPIO_Init)
    i.HAL_GPIO_TogglePin                     0x080011a4   Section        0  stm32l1xx_hal_gpio.o(i.HAL_GPIO_TogglePin)
    i.HAL_GetTick                            0x080011ac   Section        0  stm32l1xx_hal.o(i.HAL_GetTick)
    i.HAL_IncTick                            0x080011b8   Section        0  stm32l1xx_hal.o(i.HAL_IncTick)
    i.HAL_Init                               0x080011c8   Section        0  stm32l1xx_hal.o(i.HAL_Init)
    i.HAL_InitTick                           0x080011fc   Section        0  stm32l1xx_hal.o(i.HAL_InitTick)
    i.HAL_MspInit                            0x08001224   Section        0  stm32l1xx_hal_msp_template.o(i.HAL_MspInit)
    i.HAL_NVIC_EnableIRQ                     0x08001226   Section        0  stm32l1xx_hal_cortex.o(i.HAL_NVIC_EnableIRQ)
    i.HAL_NVIC_SetPriority                   0x08001246   Section        0  stm32l1xx_hal_cortex.o(i.HAL_NVIC_SetPriority)
    i.HAL_NVIC_SetPriorityGrouping           0x080012c4   Section        0  stm32l1xx_hal_cortex.o(i.HAL_NVIC_SetPriorityGrouping)
    i.HAL_PWREx_GetVoltageRange              0x080012ec   Section        0  stm32l1xx_hal_pwr_ex.o(i.HAL_PWREx_GetVoltageRange)
    i.HAL_RCC_ClockConfig                    0x080012fc   Section        0  stm32l1xx_hal_rcc.o(i.HAL_RCC_ClockConfig)
    i.HAL_RCC_GetHCLKFreq                    0x080015e4   Section        0  stm32l1xx_hal_rcc.o(i.HAL_RCC_GetHCLKFreq)
    i.HAL_RCC_GetPCLK1Freq                   0x080015f0   Section        0  stm32l1xx_hal_rcc.o(i.HAL_RCC_GetPCLK1Freq)
    i.HAL_RCC_GetPCLK2Freq                   0x0800161c   Section        0  stm32l1xx_hal_rcc.o(i.HAL_RCC_GetPCLK2Freq)
    i.HAL_RCC_GetSysClockFreq                0x08001648   Section        0  stm32l1xx_hal_rcc.o(i.HAL_RCC_GetSysClockFreq)
    i.HAL_RCC_OscConfig                      0x080016fc   Section        0  stm32l1xx_hal_rcc.o(i.HAL_RCC_OscConfig)
    i.HAL_SYSTICK_Config                     0x080020b8   Section        0  stm32l1xx_hal_cortex.o(i.HAL_SYSTICK_Config)
    i.HAL_TIM_Base_DeInit                    0x080020ec   Section        0  stm32l1xx_hal_tim.o(i.HAL_TIM_Base_DeInit)
    i.HAL_TIM_Base_Init                      0x08002128   Section        0  stm32l1xx_hal_tim.o(i.HAL_TIM_Base_Init)
    i.HAL_TIM_Base_MspDeInit                 0x0800215c   Section        0  stm32l1xx_hal_msp.o(i.HAL_TIM_Base_MspDeInit)
    i.HAL_TIM_Base_MspInit                   0x08002178   Section        0  stm32l1xx_hal_msp.o(i.HAL_TIM_Base_MspInit)
    i.HAL_TIM_Base_Start                     0x0800219c   Section        0  stm32l1xx_hal_tim.o(i.HAL_TIM_Base_Start)
    i.HAL_TIM_Base_Stop                      0x080021ba   Section        0  stm32l1xx_hal_tim.o(i.HAL_TIM_Base_Stop)
    i.HAL_UART_Init                          0x080021e8   Section        0  stm32l1xx_hal_uart.o(i.HAL_UART_Init)
    i.HAL_UART_MspInit                       0x08002258   Section        0  stm32l1xx_hal_msp.o(i.HAL_UART_MspInit)
    i.HAL_UART_RxCpltCallback                0x080022fc   Section        0  stm32l1xx_hal_clbk.o(i.HAL_UART_RxCpltCallback)
    i.HAL_UART_Transmit                      0x08002390   Section        0  stm32l1xx_hal_uart.o(i.HAL_UART_Transmit)
    i.HardFault_Handler                      0x08002480   Section        0  stm32l1xx_it.o(i.HardFault_Handler)
    i.MemManage_Handler                      0x08002484   Section        0  stm32l1xx_it.o(i.MemManage_Handler)
    i.NMI_Handler                            0x08002488   Section        0  stm32l1xx_it.o(i.NMI_Handler)
    i.PendSV_Handler                         0x0800248a   Section        0  stm32l1xx_it.o(i.PendSV_Handler)
    i.RCC_SetFlashLatencyFromMSIRange        0x0800248c   Section        0  stm32l1xx_hal_rcc.o(i.RCC_SetFlashLatencyFromMSIRange)
    RCC_SetFlashLatencyFromMSIRange          0x0800248d   Thumb Code   160  stm32l1xx_hal_rcc.o(i.RCC_SetFlashLatencyFromMSIRange)
    i.SVC_Handler                            0x08002534   Section        0  stm32l1xx_it.o(i.SVC_Handler)
    i.SysTick_Handler                        0x08002536   Section        0  stm32l1xx_it.o(i.SysTick_Handler)
    i.SystemClock_Config                     0x08002540   Section        0  main.o(i.SystemClock_Config)
    i.SystemInit                             0x080025e0   Section        0  system_stm32l1xx_1.o(i.SystemInit)
    i.TIM_Base_SetConfig                     0x08002644   Section        0  stm32l1xx_hal_tim.o(i.TIM_Base_SetConfig)
    TIM_Base_SetConfig                       0x08002645   Thumb Code   108  stm32l1xx_hal_tim.o(i.TIM_Base_SetConfig)
    i.UART_SetConfig                         0x080026c8   Section        0  stm32l1xx_hal_uart.o(i.UART_SetConfig)
    UART_SetConfig                           0x080026c9   Thumb Code   850  stm32l1xx_hal_uart.o(i.UART_SetConfig)
    i.UART_WaitOnFlagUntilTimeout            0x08002a20   Section        0  stm32l1xx_hal_uart.o(i.UART_WaitOnFlagUntilTimeout)
    UART_WaitOnFlagUntilTimeout              0x08002a21   Thumb Code   250  stm32l1xx_hal_uart.o(i.UART_WaitOnFlagUntilTimeout)
    i.USART2_IRQHandler                      0x08002b1c   Section        0  stm32l1xx_it.o(i.USART2_IRQHandler)
    i.UsageFault_Handler                     0x08002b48   Section        0  stm32l1xx_it.o(i.UsageFault_Handler)
    i.__NVIC_GetPriorityGrouping             0x08002b4c   Section        0  stm32l1xx_hal_cortex.o(i.__NVIC_GetPriorityGrouping)
    __NVIC_GetPriorityGrouping               0x08002b4d   Thumb Code    10  stm32l1xx_hal_cortex.o(i.__NVIC_GetPriorityGrouping)
    i.__NVIC_SetPriority                     0x08002b5c   Section        0  stm32l1xx_hal_cortex.o(i.__NVIC_SetPriority)
    __NVIC_SetPriority                       0x08002b5d   Thumb Code    32  stm32l1xx_hal_cortex.o(i.__NVIC_SetPriority)
    i._is_digit                              0x08002b84   Section        0  __printf_wp.o(i._is_digit)
    i.acc_aes128_dec_cbc                     0x08002b94   Section        0  acc_aes.o(i.acc_aes128_dec_cbc)
    i.acc_aes128_enc_cbc                     0x08002d18   Section        0  acc_aes.o(i.acc_aes128_enc_cbc)
    i.acc_aes_init                           0x08002e90   Section        0  acc_aes.o(i.acc_aes_init)
    i.aes128_add_roundkey                    0x08002ec8   Section        0  my_aes.o(i.aes128_add_roundkey)
    aes128_add_roundkey                      0x08002ec9   Thumb Code    40  my_aes.o(i.aes128_add_roundkey)
    i.aes128_dec_block                       0x08002ef0   Section        0  my_aes.o(i.aes128_dec_block)
    aes128_dec_block                         0x08002ef1   Thumb Code   290  my_aes.o(i.aes128_dec_block)
    i.aes128_dec_cbc                         0x08003012   Section        0  my_aes.o(i.aes128_dec_cbc)
    i.aes128_enc_block                       0x08003172   Section        0  my_aes.o(i.aes128_enc_block)
    aes128_enc_block                         0x08003173   Thumb Code   290  my_aes.o(i.aes128_enc_block)
    i.aes128_enc_cbc                         0x08003294   Section        0  my_aes.o(i.aes128_enc_cbc)
    i.aes128_expand_key                      0x080033e8   Section        0  my_aes.o(i.aes128_expand_key)
    i.aes128_inv_mix_columns                 0x08003484   Section        0  my_aes.o(i.aes128_inv_mix_columns)
    aes128_inv_mix_columns                   0x08003485   Thumb Code  1356  my_aes.o(i.aes128_inv_mix_columns)
    i.aes128_inv_shift_rows                  0x080039d0   Section        0  my_aes.o(i.aes128_inv_shift_rows)
    aes128_inv_shift_rows                    0x080039d1   Thumb Code    50  my_aes.o(i.aes128_inv_shift_rows)
    i.aes128_inv_sub_bytes                   0x08003a04   Section        0  my_aes.o(i.aes128_inv_sub_bytes)
    aes128_inv_sub_bytes                     0x08003a05   Thumb Code   116  my_aes.o(i.aes128_inv_sub_bytes)
    i.aes128_mix_columns                     0x08003a7c   Section        0  my_aes.o(i.aes128_mix_columns)
    aes128_mix_columns                       0x08003a7d   Thumb Code   982  my_aes.o(i.aes128_mix_columns)
    i.aes128_shift_rows                      0x08003e58   Section        0  my_aes.o(i.aes128_shift_rows)
    aes128_shift_rows                        0x08003e59   Thumb Code    50  my_aes.o(i.aes128_shift_rows)
    i.aes128_sub_bytes                       0x08003e8c   Section        0  my_aes.o(i.aes128_sub_bytes)
    aes128_sub_bytes                         0x08003e8d   Thumb Code   116  my_aes.o(i.aes128_sub_bytes)
    i.flash_erase                            0x08003f04   Section        0  user.o(i.flash_erase)
    i.is_in_range_int                        0x08003f24   Section        0  user.o(i.is_in_range_int)
    i.main                                   0x08003f38   Section        0  main.o(i.main)
    i.serv_port_clrflash                     0x08004088   Section        0  serv_port_handlers.o(i.serv_port_clrflash)
    i.serv_port_dec_handler                  0x080040dc   Section        0  serv_port_handlers.o(i.serv_port_dec_handler)
    i.serv_port_enc_handler                  0x080045d8   Section        0  serv_port_handlers.o(i.serv_port_enc_handler)
    i.serv_port_gets                         0x08004ad4   Section        0  serv_port.o(i.serv_port_gets)
    i.serv_port_init                         0x08004ba8   Section        0  serv_port.o(i.serv_port_init)
    i.serv_port_print                        0x08004bbc   Section        0  serv_port.o(i.serv_port_print)
    i.serv_port_printcipher_handler          0x08004bdc   Section        0  serv_port_handlers.o(i.serv_port_printcipher_handler)
    i.serv_port_printdecipher_handler        0x08004df0   Section        0  serv_port_handlers.o(i.serv_port_printdecipher_handler)
    i.serv_port_printplain_handler           0x08005008   Section        0  serv_port_handlers.o(i.serv_port_printplain_handler)
    i.serv_port_process_cmd                  0x08005218   Section        0  serv_port.o(i.serv_port_process_cmd)
    i.serv_port_setclkres_handler            0x080052d8   Section        0  serv_port_handlers.o(i.serv_port_setclkres_handler)
    i.serv_port_uart_init                    0x08005474   Section        0  serv_port.o(i.serv_port_uart_init)
    i.str_to_int                             0x080054bc   Section        0  user.o(i.str_to_int)
    locale$$code                             0x0800550c   Section       44  lc_ctype_c.o(locale$$code)
    .constdata                               0x08005538   Section        8  system_stm32l1xx.o(.constdata)
    .constdata                               0x08005540   Section     2116  my_aes.o(.constdata)
    OFFSET_TAB_CCMRx                         0x08005540   Data           7  my_aes.o(.constdata)
    SHIFT_TAB_OCxx                           0x08005547   Data           7  my_aes.o(.constdata)
    SHIFT_TAB_ICxx                           0x0800554e   Data           7  my_aes.o(.constdata)
    SHIFT_TAB_CCxP                           0x08005555   Data           7  my_aes.o(.constdata)
    .constdata                               0x08005d84   Section       17  __printf_flags_wp.o(.constdata)
    maptable                                 0x08005d84   Data          17  __printf_flags_wp.o(.constdata)
    .conststring                             0x08005d98   Section      154  serv_port_handlers.o(.conststring)
    .conststring                             0x08005e34   Section       63  user.o(.conststring)
    locale$$data                             0x08005e94   Section      272  lc_ctype_c.o(locale$$data)
    __lcctype_c_name                         0x08005e98   Data           2  lc_ctype_c.o(locale$$data)
    __lcctype_c_start                        0x08005ea0   Data           0  lc_ctype_c.o(locale$$data)
    __lcctype_c_end                          0x08005fa4   Data           0  lc_ctype_c.o(locale$$data)
    .data                                    0x20000000   Section       52  main.o(.data)
    .data                                    0x20000034   Section       32  my_aes.o(.data)
    .data                                    0x20000054   Section        8  serv_port.o(.data)
    serv_port_strtok_ptr                     0x20000058   Data           4  serv_port.o(.data)
    .data                                    0x2000005c   Section       57  serv_port_handlers.o(.data)
    .data                                    0x20000098   Section       60  user.o(.data)
    .data                                    0x200000d4   Section        4  stm32l1xx_hal.o(.data)
    .data                                    0x200000d8   Section       29  system_stm32l1xx_1.o(.data)
    .bss                                     0x200000f8   Section      580  main.o(.bss)
    .bss                                     0x2000033c   Section      704  my_aes.o(.bss)
    .bss                                     0x200005fc   Section      352  serv_port.o(.bss)
    .bss                                     0x2000075c   Section       72  user.o(.bss)
    .bss                                     0x200007a4   Section       88  acc_aes.o(.bss)
    .bss                                     0x200007fc   Section       24  stm32l1xx_hal_flash.o(.bss)
    .bss                                     0x20000814   Section       96  libspace.o(.bss)
    HEAP                                     0x20000878   Section      512  startup_stm32l162xd.o(HEAP)
    Heap_Mem                                 0x20000878   Data         512  startup_stm32l162xd.o(HEAP)
    STACK                                    0x20000a78   Section     1024  startup_stm32l162xd.o(STACK)
    Stack_Mem                                0x20000a78   Data        1024  startup_stm32l162xd.o(STACK)
    __initial_sp                             0x20000e78   Data           0  startup_stm32l162xd.o(STACK)

    Global Symbols

    Symbol Name                              Value     Ov Type        Size  Object(Section)

    BuildAttributes$$THM_ISAv4$P$D$K$B$S$PE$A:L22UL41UL21$X:L11$S22US41US21$IEEE1$IW$USESV6$~STKCKD$USESV7$~SHL$OTIME$ROPI$IEEEX$EBA8$UX$STANDARDLIB$REQ8$PRES8$EABIv2 0x00000000   Number         0  anon$$obj.o ABSOLUTE
    __ARM_use_no_argv                        0x00000000   Number         0  main.o ABSOLUTE
    _printf_flags                            0x00000000   Number         0  printf_stubs.o ABSOLUTE
    _printf_return_value                     0x00000000   Number         0  printf_stubs.o ABSOLUTE
    _printf_sizespec                         0x00000000   Number         0  printf_stubs.o ABSOLUTE
    _printf_widthprec                        0x00000000   Number         0  printf_stubs.o ABSOLUTE
    __ARM_exceptions_init                     - Undefined Weak Reference
    __alloca_initialize                       - Undefined Weak Reference
    __arm_preinit_                            - Undefined Weak Reference
    __cpp_initialize__aeabi_                  - Undefined Weak Reference
    __cxa_finalize                            - Undefined Weak Reference
    __sigvec_lookup                           - Undefined Weak Reference
    _atexit_init                              - Undefined Weak Reference
    _call_atexit_fns                          - Undefined Weak Reference
    _clock_init                               - Undefined Weak Reference
    _fp_trap_init                             - Undefined Weak Reference
    _fp_trap_shutdown                         - Undefined Weak Reference
    _get_lc_collate                           - Undefined Weak Reference
    _get_lc_monetary                          - Undefined Weak Reference
    _get_lc_time                              - Undefined Weak Reference
    _getenv_init                              - Undefined Weak Reference
    _handle_redirection                       - Undefined Weak Reference
    _init_alloc                               - Undefined Weak Reference
    _init_user_alloc                          - Undefined Weak Reference
    _initio                                   - Undefined Weak Reference
    _printf_mbtowc                            - Undefined Weak Reference
    _printf_truncate_signed                   - Undefined Weak Reference
    _printf_truncate_unsigned                 - Undefined Weak Reference
    _rand_init                                - Undefined Weak Reference
    _signal_finish                            - Undefined Weak Reference
    _signal_init                              - Undefined Weak Reference
    _terminate_alloc                          - Undefined Weak Reference
    _terminate_user_alloc                     - Undefined Weak Reference
    _terminateio                              - Undefined Weak Reference
    __Vectors_Size                           0x00000124   Number         0  startup_stm32l162xd.o ABSOLUTE
    __Vectors                                0x08000000   Data           4  startup_stm32l162xd.o(RESET)
    __Vectors_End                            0x08000124   Data           0  startup_stm32l162xd.o(RESET)
    __main                                   0x08000125   Thumb Code     8  __main.o(!!!main)
    __scatterload                            0x0800012d   Thumb Code     0  __scatter.o(!!!scatter)
    __scatterload_rt2                        0x0800012d   Thumb Code    44  __scatter.o(!!!scatter)
    __scatterload_rt2_thumb_only             0x0800012d   Thumb Code     0  __scatter.o(!!!scatter)
    __scatterload_null                       0x0800013b   Thumb Code     0  __scatter.o(!!!scatter)
    __scatterload_copy                       0x08000161   Thumb Code    26  __scatter_copy.o(!!handler_copy)
    __scatterload_zeroinit                   0x0800017d   Thumb Code    28  __scatter_zi.o(!!handler_zi)
    _printf_i                                0x08000199   Thumb Code     0  _printf_i.o(.ARM.Collect$$_printf_percent$$00000008)
    _printf_percent                          0x08000199   Thumb Code     0  _printf_percent.o(.ARM.Collect$$_printf_percent$$00000000)
    _printf_u                                0x0800019f   Thumb Code     0  _printf_u.o(.ARM.Collect$$_printf_percent$$0000000A)
    _printf_c                                0x080001a5   Thumb Code     0  _printf_c.o(.ARM.Collect$$_printf_percent$$00000013)
    _printf_s                                0x080001ab   Thumb Code     0  _printf_s.o(.ARM.Collect$$_printf_percent$$00000014)
    _printf_percent_end                      0x080001b1   Thumb Code     0  _printf_percent_end.o(.ARM.Collect$$_printf_percent$$00000017)
    __rt_lib_init                            0x080001b5   Thumb Code     0  libinit.o(.ARM.Collect$$libinit$$00000000)
    __rt_lib_init_fp_1                       0x080001b7   Thumb Code     0  libinit2.o(.ARM.Collect$$libinit$$00000002)
    __rt_lib_init_heap_1                     0x080001b7   Thumb Code     0  libinit2.o(.ARM.Collect$$libinit$$0000000A)
    __rt_lib_init_lc_common                  0x080001b7   Thumb Code     0  libinit2.o(.ARM.Collect$$libinit$$0000000F)
    __rt_lib_init_preinit_1                  0x080001b7   Thumb Code     0  libinit2.o(.ARM.Collect$$libinit$$00000004)
    __rt_lib_init_rand_1                     0x080001b7   Thumb Code     0  libinit2.o(.ARM.Collect$$libinit$$0000000E)
    __rt_lib_init_user_alloc_1               0x080001b7   Thumb Code     0  libinit2.o(.ARM.Collect$$libinit$$0000000C)
    __rt_lib_init_lc_collate_1               0x080001bd   Thumb Code     0  libinit2.o(.ARM.Collect$$libinit$$00000011)
    __rt_lib_init_lc_ctype_2                 0x080001bd   Thumb Code     0  libinit2.o(.ARM.Collect$$libinit$$00000012)
    __rt_lib_init_alloca_1                   0x080001c9   Thumb Code     0  libinit2.o(.ARM.Collect$$libinit$$0000002E)
    __rt_lib_init_argv_1                     0x080001c9   Thumb Code     0  libinit2.o(.ARM.Collect$$libinit$$0000002C)
    __rt_lib_init_atexit_1                   0x080001c9   Thumb Code     0  libinit2.o(.ARM.Collect$$libinit$$0000001B)
    __rt_lib_init_clock_1                    0x080001c9   Thumb Code     0  libinit2.o(.ARM.Collect$$libinit$$00000021)
    __rt_lib_init_cpp_1                      0x080001c9   Thumb Code     0  libinit2.o(.ARM.Collect$$libinit$$00000032)
    __rt_lib_init_exceptions_1               0x080001c9   Thumb Code     0  libinit2.o(.ARM.Collect$$libinit$$00000030)
    __rt_lib_init_fp_trap_1                  0x080001c9   Thumb Code     0  libinit2.o(.ARM.Collect$$libinit$$0000001F)
    __rt_lib_init_getenv_1                   0x080001c9   Thumb Code     0  libinit2.o(.ARM.Collect$$libinit$$00000023)
    __rt_lib_init_lc_ctype_1                 0x080001c9   Thumb Code     0  libinit2.o(.ARM.Collect$$libinit$$00000013)
    __rt_lib_init_lc_monetary_1              0x080001c9   Thumb Code     0  libinit2.o(.ARM.Collect$$libinit$$00000015)
    __rt_lib_init_lc_numeric_1               0x080001c9   Thumb Code     0  libinit2.o(.ARM.Collect$$libinit$$00000017)
    __rt_lib_init_lc_time_1                  0x080001c9   Thumb Code     0  libinit2.o(.ARM.Collect$$libinit$$00000019)
    __rt_lib_init_return                     0x080001c9   Thumb Code     0  libinit2.o(.ARM.Collect$$libinit$$00000033)
    __rt_lib_init_signal_1                   0x080001c9   Thumb Code     0  libinit2.o(.ARM.Collect$$libinit$$0000001D)
    __rt_lib_init_stdio_1                    0x080001c9   Thumb Code     0  libinit2.o(.ARM.Collect$$libinit$$00000025)
    __rt_lib_shutdown                        0x080001cb   Thumb Code     0  libshutdown.o(.ARM.Collect$$libshutdown$$00000000)
    __rt_lib_shutdown_cpp_1                  0x080001cd   Thumb Code     0  libshutdown2.o(.ARM.Collect$$libshutdown$$00000002)
    __rt_lib_shutdown_fp_trap_1              0x080001cd   Thumb Code     0  libshutdown2.o(.ARM.Collect$$libshutdown$$00000007)
    __rt_lib_shutdown_heap_1                 0x080001cd   Thumb Code     0  libshutdown2.o(.ARM.Collect$$libshutdown$$0000000F)
    __rt_lib_shutdown_return                 0x080001cd   Thumb Code     0  libshutdown2.o(.ARM.Collect$$libshutdown$$00000010)
    __rt_lib_shutdown_signal_1               0x080001cd   Thumb Code     0  libshutdown2.o(.ARM.Collect$$libshutdown$$0000000A)
    __rt_lib_shutdown_stdio_1                0x080001cd   Thumb Code     0  libshutdown2.o(.ARM.Collect$$libshutdown$$00000004)
    __rt_lib_shutdown_user_alloc_1           0x080001cd   Thumb Code     0  libshutdown2.o(.ARM.Collect$$libshutdown$$0000000C)
    __rt_entry                               0x080001cf   Thumb Code     0  __rtentry.o(.ARM.Collect$$rtentry$$00000000)
    __rt_entry_presh_1                       0x080001cf   Thumb Code     0  __rtentry2.o(.ARM.Collect$$rtentry$$00000002)
    __rt_entry_sh                            0x080001cf   Thumb Code     0  __rtentry4.o(.ARM.Collect$$rtentry$$00000004)
    __rt_entry_li                            0x080001d5   Thumb Code     0  __rtentry2.o(.ARM.Collect$$rtentry$$0000000A)
    __rt_entry_postsh_1                      0x080001d5   Thumb Code     0  __rtentry2.o(.ARM.Collect$$rtentry$$00000009)
    __rt_entry_main                          0x080001d9   Thumb Code     0  __rtentry2.o(.ARM.Collect$$rtentry$$0000000D)
    __rt_entry_postli_1                      0x080001d9   Thumb Code     0  __rtentry2.o(.ARM.Collect$$rtentry$$0000000C)
    __rt_exit                                0x080001e1   Thumb Code     0  rtexit.o(.ARM.Collect$$rtexit$$00000000)
    __rt_exit_ls                             0x080001e3   Thumb Code     0  rtexit2.o(.ARM.Collect$$rtexit$$00000003)
    __rt_exit_prels_1                        0x080001e3   Thumb Code     0  rtexit2.o(.ARM.Collect$$rtexit$$00000002)
    __rt_exit_exit                           0x080001e7   Thumb Code     0  rtexit2.o(.ARM.Collect$$rtexit$$00000004)
    Reset_Handler                            0x080001ed   Thumb Code     8  startup_stm32l162xd.o(.text)
    ADC1_IRQHandler                          0x08000207   Thumb Code     0  startup_stm32l162xd.o(.text)
    AES_IRQHandler                           0x08000207   Thumb Code     0  startup_stm32l162xd.o(.text)
    COMP_ACQ_IRQHandler                      0x08000207   Thumb Code     0  startup_stm32l162xd.o(.text)
    COMP_IRQHandler                          0x08000207   Thumb Code     0  startup_stm32l162xd.o(.text)
    DAC_IRQHandler                           0x08000207   Thumb Code     0  startup_stm32l162xd.o(.text)
    DMA1_Channel1_IRQHandler                 0x08000207   Thumb Code     0  startup_stm32l162xd.o(.text)
    DMA1_Channel2_IRQHandler                 0x08000207   Thumb Code     0  startup_stm32l162xd.o(.text)
    DMA1_Channel3_IRQHandler                 0x08000207   Thumb Code     0  startup_stm32l162xd.o(.text)
    DMA1_Channel4_IRQHandler                 0x08000207   Thumb Code     0  startup_stm32l162xd.o(.text)
    DMA1_Channel5_IRQHandler                 0x08000207   Thumb Code     0  startup_stm32l162xd.o(.text)
    DMA1_Channel6_IRQHandler                 0x08000207   Thumb Code     0  startup_stm32l162xd.o(.text)
    DMA1_Channel7_IRQHandler                 0x08000207   Thumb Code     0  startup_stm32l162xd.o(.text)
    DMA2_Channel1_IRQHandler                 0x08000207   Thumb Code     0  startup_stm32l162xd.o(.text)
    DMA2_Channel2_IRQHandler                 0x08000207   Thumb Code     0  startup_stm32l162xd.o(.text)
    DMA2_Channel3_IRQHandler                 0x08000207   Thumb Code     0  startup_stm32l162xd.o(.text)
    DMA2_Channel4_IRQHandler                 0x08000207   Thumb Code     0  startup_stm32l162xd.o(.text)
    DMA2_Channel5_IRQHandler                 0x08000207   Thumb Code     0  startup_stm32l162xd.o(.text)
    EXTI0_IRQHandler                         0x08000207   Thumb Code     0  startup_stm32l162xd.o(.text)
    EXTI15_10_IRQHandler                     0x08000207   Thumb Code     0  startup_stm32l162xd.o(.text)
    EXTI1_IRQHandler                         0x08000207   Thumb Code     0  startup_stm32l162xd.o(.text)
    EXTI2_IRQHandler                         0x08000207   Thumb Code     0  startup_stm32l162xd.o(.text)
    EXTI3_IRQHandler                         0x08000207   Thumb Code     0  startup_stm32l162xd.o(.text)
    EXTI4_IRQHandler                         0x08000207   Thumb Code     0  startup_stm32l162xd.o(.text)
    EXTI9_5_IRQHandler                       0x08000207   Thumb Code     0  startup_stm32l162xd.o(.text)
    FLASH_IRQHandler                         0x08000207   Thumb Code     0  startup_stm32l162xd.o(.text)
    I2C1_ER_IRQHandler                       0x08000207   Thumb Code     0  startup_stm32l162xd.o(.text)
    I2C1_EV_IRQHandler                       0x08000207   Thumb Code     0  startup_stm32l162xd.o(.text)
    I2C2_ER_IRQHandler                       0x08000207   Thumb Code     0  startup_stm32l162xd.o(.text)
    I2C2_EV_IRQHandler                       0x08000207   Thumb Code     0  startup_stm32l162xd.o(.text)
    LCD_IRQHandler                           0x08000207   Thumb Code     0  startup_stm32l162xd.o(.text)
    PVD_IRQHandler                           0x08000207   Thumb Code     0  startup_stm32l162xd.o(.text)
    RCC_IRQHandler                           0x08000207   Thumb Code     0  startup_stm32l162xd.o(.text)
    RTC_Alarm_IRQHandler                     0x08000207   Thumb Code     0  startup_stm32l162xd.o(.text)
    RTC_WKUP_IRQHandler                      0x08000207   Thumb Code     0  startup_stm32l162xd.o(.text)
    SDIO_IRQHandler                          0x08000207   Thumb Code     0  startup_stm32l162xd.o(.text)
    SPI1_IRQHandler                          0x08000207   Thumb Code     0  startup_stm32l162xd.o(.text)
    SPI2_IRQHandler                          0x08000207   Thumb Code     0  startup_stm32l162xd.o(.text)
    SPI3_IRQHandler                          0x08000207   Thumb Code     0  startup_stm32l162xd.o(.text)
    TAMPER_STAMP_IRQHandler                  0x08000207   Thumb Code     0  startup_stm32l162xd.o(.text)
    TIM10_IRQHandler                         0x08000207   Thumb Code     0  startup_stm32l162xd.o(.text)
    TIM11_IRQHandler                         0x08000207   Thumb Code     0  startup_stm32l162xd.o(.text)
    TIM2_IRQHandler                          0x08000207   Thumb Code     0  startup_stm32l162xd.o(.text)
    TIM3_IRQHandler                          0x08000207   Thumb Code     0  startup_stm32l162xd.o(.text)
    TIM4_IRQHandler                          0x08000207   Thumb Code     0  startup_stm32l162xd.o(.text)
    TIM5_IRQHandler                          0x08000207   Thumb Code     0  startup_stm32l162xd.o(.text)
    TIM6_IRQHandler                          0x08000207   Thumb Code     0  startup_stm32l162xd.o(.text)
    TIM7_IRQHandler                          0x08000207   Thumb Code     0  startup_stm32l162xd.o(.text)
    TIM9_IRQHandler                          0x08000207   Thumb Code     0  startup_stm32l162xd.o(.text)
    UART4_IRQHandler                         0x08000207   Thumb Code     0  startup_stm32l162xd.o(.text)
    UART5_IRQHandler                         0x08000207   Thumb Code     0  startup_stm32l162xd.o(.text)
    USART1_IRQHandler                        0x08000207   Thumb Code     0  startup_stm32l162xd.o(.text)
    USART3_IRQHandler                        0x08000207   Thumb Code     0  startup_stm32l162xd.o(.text)
    USB_FS_WKUP_IRQHandler                   0x08000207   Thumb Code     0  startup_stm32l162xd.o(.text)
    USB_HP_IRQHandler                        0x08000207   Thumb Code     0  startup_stm32l162xd.o(.text)
    USB_LP_IRQHandler                        0x08000207   Thumb Code     0  startup_stm32l162xd.o(.text)
    WWDG_IRQHandler                          0x08000207   Thumb Code     0  startup_stm32l162xd.o(.text)
    __user_initial_stackheap                 0x08000209   Thumb Code     0  startup_stm32l162xd.o(.text)
    __aeabi_errno_addr                       0x0800022d   Thumb Code     8  rt_errno_addr_intlibspace.o(.text)
    __errno$intlibspace                      0x0800022d   Thumb Code     0  rt_errno_addr_intlibspace.o(.text)
    __rt_errno_addr$intlibspace              0x0800022d   Thumb Code     0  rt_errno_addr_intlibspace.o(.text)
    __2snprintf                              0x08000235   Thumb Code    48  noretval__2snprintf.o(.text)
    _printf_str                              0x08000269   Thumb Code    82  _printf_str.o(.text)
    _printf_int_dec                          0x080002bd   Thumb Code   104  _printf_dec.o(.text)
    __printf                                 0x08000335   Thumb Code   308  __printf_flags_wp.o(.text)
    strtol                                   0x0800046d   Thumb Code   112  strtol.o(.text)
    _strtok_r                                0x080004dd   Thumb Code     4  strtok_r.o(.text)
    strtok_r                                 0x080004dd   Thumb Code     0  strtok_r.o(.text)
    strlen                                   0x080004e1   Thumb Code    62  strlen.o(.text)
    __aeabi_memcpy                           0x0800051f   Thumb Code     0  rt_memcpy_v6.o(.text)
    __rt_memcpy                              0x0800051f   Thumb Code   138  rt_memcpy_v6.o(.text)
    _memcpy_lastbytes                        0x08000585   Thumb Code     0  rt_memcpy_v6.o(.text)
    __aeabi_memclr4                          0x080005a9   Thumb Code     0  rt_memclr_w.o(.text)
    __aeabi_memclr8                          0x080005a9   Thumb Code     0  rt_memclr_w.o(.text)
    __rt_memclr_w                            0x080005a9   Thumb Code    78  rt_memclr_w.o(.text)
    _memset_w                                0x080005ad   Thumb Code     0  rt_memclr_w.o(.text)
    strcmp                                   0x080005f9   Thumb Code   128  strcmpv7m.o(.text)
    __use_two_region_memory                  0x08000679   Thumb Code     2  heapauxi.o(.text)
    __rt_heap_escrow$2region                 0x0800067b   Thumb Code     2  heapauxi.o(.text)
    __rt_heap_expand$2region                 0x0800067d   Thumb Code     2  heapauxi.o(.text)
    __user_libspace                          0x08000681   Thumb Code     8  libspace.o(.text)
    __user_perproc_libspace                  0x08000681   Thumb Code     0  libspace.o(.text)
    __user_perthread_libspace                0x08000681   Thumb Code     0  libspace.o(.text)
    __rt_ctype_table                         0x08000689   Thumb Code    16  rt_ctype_table.o(.text)
    _printf_int_common                       0x08000699   Thumb Code   178  _printf_intcommon.o(.text)
    _printf_char_common                      0x08000757   Thumb Code    32  _printf_char_common.o(.text)
    _sputc                                   0x0800077d   Thumb Code    10  _sputc.o(.text)
    _snputc                                  0x08000787   Thumb Code    16  _snputc.o(.text)
    _printf_cs_common                        0x08000797   Thumb Code    20  _printf_char.o(.text)
    _printf_char                             0x080007ab   Thumb Code    16  _printf_char.o(.text)
    _printf_string                           0x080007bb   Thumb Code     8  _printf_char.o(.text)
    _strtoul                                 0x080007c3   Thumb Code   158  _strtoul.o(.text)
    __strtok_internal                        0x08000861   Thumb Code    64  strtok_int.o(.text)
    __aeabi_memcpy4                          0x080008a5   Thumb Code     0  rt_memcpy_w.o(.text)
    __aeabi_memcpy8                          0x080008a5   Thumb Code     0  rt_memcpy_w.o(.text)
    __rt_memcpy_w                            0x080008a5   Thumb Code   100  rt_memcpy_w.o(.text)
    _memcpy_lastbytes_aligned                0x080008ed   Thumb Code     0  rt_memcpy_w.o(.text)
    __rt_locale                              0x08000909   Thumb Code     8  rt_locale_intlibspace.o(.text)
    _chval                                   0x08000911   Thumb Code    28  _chval.o(.text)
    strcspn                                  0x0800092d   Thumb Code    32  strcspn.o(.text)
    strspn                                   0x0800094d   Thumb Code    28  strspn.o(.text)
    __user_setup_stackheap                   0x08000969   Thumb Code    74  sys_stackheap_outer.o(.text)
    exit                                     0x080009b3   Thumb Code    18  exit.o(.text)
    _sys_exit                                0x080009c5   Thumb Code     8  sys_exit.o(.text)
    __I$use$semihosting                      0x080009d1   Thumb Code     0  use_no_semi.o(.text)
    __use_no_semihosting_swi                 0x080009d1   Thumb Code     2  use_no_semi.o(.text)
    BusFault_Handler                         0x080009d3   Thumb Code     4  stm32l1xx_it.o(i.BusFault_Handler)
    __semihosting_library_function           0x080009d3   Thumb Code     0  indicate_semi.o(.text)
    DebugMon_Handler                         0x08000ab5   Thumb Code     2  stm32l1xx_it.o(i.DebugMon_Handler)
    FLASH_PageErase                          0x08000abd   Thumb Code    38  stm32l1xx_hal_flash_ex.o(i.FLASH_PageErase)
    FLASH_WaitForLastOperation               0x08000b75   Thumb Code   128  stm32l1xx_hal_flash.o(i.FLASH_WaitForLastOperation)
    HAL_CRYP_AESECB_Decrypt                  0x08000bf9   Thumb Code   194  stm32l1xx_hal_cryp.o(i.HAL_CRYP_AESECB_Decrypt)
    HAL_CRYP_AESECB_Encrypt                  0x08000cbb   Thumb Code   190  stm32l1xx_hal_cryp.o(i.HAL_CRYP_AESECB_Encrypt)
    HAL_CRYP_DeInit                          0x08000d79   Thumb Code    62  stm32l1xx_hal_cryp.o(i.HAL_CRYP_DeInit)
    HAL_CRYP_Init                            0x08000db7   Thumb Code    82  stm32l1xx_hal_cryp.o(i.HAL_CRYP_Init)
    HAL_CRYP_MspDeInit                       0x08000e09   Thumb Code    24  stm32l1xx_hal_msp.o(i.HAL_CRYP_MspDeInit)
    HAL_CRYP_MspInit                         0x08000e25   Thumb Code    76  stm32l1xx_hal_msp.o(i.HAL_CRYP_MspInit)
    HAL_FLASHEx_Erase                        0x08000e75   Thumb Code   134  stm32l1xx_hal_flash_ex.o(i.HAL_FLASHEx_Erase)
    HAL_FLASH_Lock                           0x08000f05   Thumb Code    16  stm32l1xx_hal_flash.o(i.HAL_FLASH_Lock)
    HAL_FLASH_Program                        0x08000f19   Thumb Code    80  stm32l1xx_hal_flash.o(i.HAL_FLASH_Program)
    HAL_FLASH_Unlock                         0x08000f6d   Thumb Code    54  stm32l1xx_hal_flash.o(i.HAL_FLASH_Unlock)
    HAL_GPIO_Init                            0x08000fb9   Thumb Code   450  stm32l1xx_hal_gpio.o(i.HAL_GPIO_Init)
    HAL_GPIO_TogglePin                       0x080011a5   Thumb Code     8  stm32l1xx_hal_gpio.o(i.HAL_GPIO_TogglePin)
    HAL_GetTick                              0x080011ad   Thumb Code     6  stm32l1xx_hal.o(i.HAL_GetTick)
    HAL_IncTick                              0x080011b9   Thumb Code    12  stm32l1xx_hal.o(i.HAL_IncTick)
    HAL_Init                                 0x080011c9   Thumb Code    48  stm32l1xx_hal.o(i.HAL_Init)
    HAL_InitTick                             0x080011fd   Thumb Code    36  stm32l1xx_hal.o(i.HAL_InitTick)
    HAL_MspInit                              0x08001225   Thumb Code     2  stm32l1xx_hal_msp_template.o(i.HAL_MspInit)
    HAL_NVIC_EnableIRQ                       0x08001227   Thumb Code    32  stm32l1xx_hal_cortex.o(i.HAL_NVIC_EnableIRQ)
    HAL_NVIC_SetPriority                     0x08001247   Thumb Code   124  stm32l1xx_hal_cortex.o(i.HAL_NVIC_SetPriority)
    HAL_NVIC_SetPriorityGrouping             0x080012c5   Thumb Code    32  stm32l1xx_hal_cortex.o(i.HAL_NVIC_SetPriorityGrouping)
    HAL_PWREx_GetVoltageRange                0x080012ed   Thumb Code    10  stm32l1xx_hal_pwr_ex.o(i.HAL_PWREx_GetVoltageRange)
    HAL_RCC_ClockConfig                      0x080012fd   Thumb Code   728  stm32l1xx_hal_rcc.o(i.HAL_RCC_ClockConfig)
    HAL_RCC_GetHCLKFreq                      0x080015e5   Thumb Code     6  stm32l1xx_hal_rcc.o(i.HAL_RCC_GetHCLKFreq)
    HAL_RCC_GetPCLK1Freq                     0x080015f1   Thumb Code    36  stm32l1xx_hal_rcc.o(i.HAL_RCC_GetPCLK1Freq)
    HAL_RCC_GetPCLK2Freq                     0x0800161d   Thumb Code    36  stm32l1xx_hal_rcc.o(i.HAL_RCC_GetPCLK2Freq)
    HAL_RCC_GetSysClockFreq                  0x08001649   Thumb Code   164  stm32l1xx_hal_rcc.o(i.HAL_RCC_GetSysClockFreq)
    HAL_RCC_OscConfig                        0x080016fd   Thumb Code  2484  stm32l1xx_hal_rcc.o(i.HAL_RCC_OscConfig)
    HAL_SYSTICK_Config                       0x080020b9   Thumb Code    52  stm32l1xx_hal_cortex.o(i.HAL_SYSTICK_Config)
    HAL_TIM_Base_DeInit                      0x080020ed   Thumb Code    60  stm32l1xx_hal_tim.o(i.HAL_TIM_Base_DeInit)
    HAL_TIM_Base_Init                        0x08002129   Thumb Code    52  stm32l1xx_hal_tim.o(i.HAL_TIM_Base_Init)
    HAL_TIM_Base_MspDeInit                   0x0800215d   Thumb Code    24  stm32l1xx_hal_msp.o(i.HAL_TIM_Base_MspDeInit)
    HAL_TIM_Base_MspInit                     0x08002179   Thumb Code    32  stm32l1xx_hal_msp.o(i.HAL_TIM_Base_MspInit)
    HAL_TIM_Base_Start                       0x0800219d   Thumb Code    30  stm32l1xx_hal_tim.o(i.HAL_TIM_Base_Start)
    HAL_TIM_Base_Stop                        0x080021bb   Thumb Code    46  stm32l1xx_hal_tim.o(i.HAL_TIM_Base_Stop)
    HAL_UART_Init                            0x080021e9   Thumb Code   110  stm32l1xx_hal_uart.o(i.HAL_UART_Init)
    HAL_UART_MspInit                         0x08002259   Thumb Code   156  stm32l1xx_hal_msp.o(i.HAL_UART_MspInit)
    HAL_UART_RxCpltCallback                  0x080022fd   Thumb Code    80  stm32l1xx_hal_clbk.o(i.HAL_UART_RxCpltCallback)
    HAL_UART_Transmit                        0x08002391   Thumb Code   240  stm32l1xx_hal_uart.o(i.HAL_UART_Transmit)
    HardFault_Handler                        0x08002481   Thumb Code     4  stm32l1xx_it.o(i.HardFault_Handler)
    MemManage_Handler                        0x08002485   Thumb Code     4  stm32l1xx_it.o(i.MemManage_Handler)
    NMI_Handler                              0x08002489   Thumb Code     2  stm32l1xx_it.o(i.NMI_Handler)
    PendSV_Handler                           0x0800248b   Thumb Code     2  stm32l1xx_it.o(i.PendSV_Handler)
    SVC_Handler                              0x08002535   Thumb Code     2  stm32l1xx_it.o(i.SVC_Handler)
    SysTick_Handler                          0x08002537   Thumb Code     8  stm32l1xx_it.o(i.SysTick_Handler)
    SystemClock_Config                       0x08002541   Thumb Code   152  main.o(i.SystemClock_Config)
    SystemInit                               0x080025e1   Thumb Code    82  system_stm32l1xx_1.o(i.SystemInit)
    USART2_IRQHandler                        0x08002b1d   Thumb Code    40  stm32l1xx_it.o(i.USART2_IRQHandler)
    UsageFault_Handler                       0x08002b49   Thumb Code     4  stm32l1xx_it.o(i.UsageFault_Handler)
    _is_digit                                0x08002b85   Thumb Code    14  __printf_wp.o(i._is_digit)
    acc_aes128_dec_cbc                       0x08002b95   Thumb Code   384  acc_aes.o(i.acc_aes128_dec_cbc)
    acc_aes128_enc_cbc                       0x08002d19   Thumb Code   372  acc_aes.o(i.acc_aes128_enc_cbc)
    acc_aes_init                             0x08002e91   Thumb Code    38  acc_aes.o(i.acc_aes_init)
    aes128_dec_cbc                           0x08003013   Thumb Code   352  my_aes.o(i.aes128_dec_cbc)
    aes128_enc_cbc                           0x08003295   Thumb Code   340  my_aes.o(i.aes128_enc_cbc)
    aes128_expand_key                        0x080033e9   Thumb Code   146  my_aes.o(i.aes128_expand_key)
    flash_erase                              0x08003f05   Thumb Code    32  user.o(i.flash_erase)
    is_in_range_int                          0x08003f25   Thumb Code    18  user.o(i.is_in_range_int)
    main                                     0x08003f39   Thumb Code   280  main.o(i.main)
    serv_port_clrflash                       0x08004089   Thumb Code    72  serv_port_handlers.o(i.serv_port_clrflash)
    serv_port_dec_handler                    0x080040dd   Thumb Code   614  serv_port_handlers.o(i.serv_port_dec_handler)
    serv_port_enc_handler                    0x080045d9   Thumb Code   614  serv_port_handlers.o(i.serv_port_enc_handler)
    serv_port_gets                           0x08004ad5   Thumb Code   212  serv_port.o(i.serv_port_gets)
    serv_port_init                           0x08004ba9   Thumb Code    14  serv_port.o(i.serv_port_init)
    serv_port_print                          0x08004bbd   Thumb Code    30  serv_port.o(i.serv_port_print)
    serv_port_printcipher_handler            0x08004bdd   Thumb Code   264  serv_port_handlers.o(i.serv_port_printcipher_handler)
    serv_port_printdecipher_handler          0x08004df1   Thumb Code   264  serv_port_handlers.o(i.serv_port_printdecipher_handler)
    serv_port_printplain_handler             0x08005009   Thumb Code   264  serv_port_handlers.o(i.serv_port_printplain_handler)
    serv_port_process_cmd                    0x08005219   Thumb Code   136  serv_port.o(i.serv_port_process_cmd)
    serv_port_setclkres_handler              0x080052d9   Thumb Code   206  serv_port_handlers.o(i.serv_port_setclkres_handler)
    serv_port_uart_init                      0x08005475   Thumb Code    62  serv_port.o(i.serv_port_uart_init)
    str_to_int                               0x080054bd   Thumb Code    78  user.o(i.str_to_int)
    _get_lc_ctype                            0x0800550d   Thumb Code    44  lc_ctype_c.o(locale$$code)
    APBPrescTable                            0x08005538   Data           8  system_stm32l1xx.o(.constdata)
    aes_sbox                                 0x0800555c   Data         256  my_aes.o(.constdata)
    aes_inv_sbox                             0x0800565c   Data         256  my_aes.o(.constdata)
    aes_rcon                                 0x0800575c   Data          40  my_aes.o(.constdata)
    aes_gf_mul                               0x08005784   Data        1536  my_aes.o(.constdata)
    Region$$Table$$Base                      0x08005e74   Number         0  anon$$obj.o(Region$$Table)
    Region$$Table$$Limit                     0x08005e94   Number         0  anon$$obj.o(Region$$Table)
    __ctype                                  0x08005ea1   Data           0  lc_ctype_c.o(locale$$data)
    perf_htim                                0x20000000   Data           4  main.o(.data)
    key                                      0x20000004   Data          16  main.o(.data)
    plaintext                                0x20000014   Data          16  main.o(.data)
    init_vec                                 0x20000024   Data          16  main.o(.data)
    aes_key_global                           0x20000034   Data          16  my_aes.o(.data)
    aes_init_vec_global                      0x20000044   Data          16  my_aes.o(.data)
    serv_port_huart                          0x20000054   Data           4  serv_port.o(.data)
    serv_port_cmd_table                      0x2000005c   Data          56  serv_port_handlers.o(.data)
    serv_port_cmd_table_size                 0x20000094   Data           1  serv_port_handlers.o(.data)
    perfclk_cfgs                             0x20000098   Data          24  user.o(.data)
    perfclk_cfgs_size                        0x200000b0   Data           1  user.o(.data)
    perfclk_sel                              0x200000b1   Data           1  user.o(.data)
    aes_impl_symbols                         0x200000b4   Data          12  user.o(.data)
    size_gran_symbols                        0x200000c0   Data           8  user.o(.data)
    memtype_symbols                          0x200000c8   Data          12  user.o(.data)
    uwTick                                   0x200000d4   Data           4  stm32l1xx_hal.o(.data)
    SystemCoreClock                          0x200000d8   Data           4  system_stm32l1xx_1.o(.data)
    PLLMulTable                              0x200000dc   Data           9  system_stm32l1xx_1.o(.data)
    AHBPrescTable                            0x200000e5   Data          16  system_stm32l1xx_1.o(.data)
    perf_tim                                 0x200000f8   Data          56  main.o(.bss)
    UartHandle                               0x20000130   Data          64  main.o(.bss)
    EraseInitStruct                          0x20000170   Data          12  main.o(.bss)
    aTxBuffer                                0x2000017c   Data         128  main.o(.bss)
    aRxBuffer                                0x200001fc   Data         127  main.o(.bss)
    g_aes_rkeys                              0x2000027c   Data         176  main.o(.bss)
    state                                    0x2000032c   Data          16  main.o(.bss)
    aes_rkeys_global                         0x2000033c   Data         176  my_aes.o(.bss)
    aes_state_global                         0x200003ec   Data          16  my_aes.o(.bss)
    aes_ciphertext_buf                       0x200003fc   Data         256  my_aes.o(.bss)
    aes_deciphertext_buf                     0x200004fc   Data         256  my_aes.o(.bss)
    serv_port_uart_global                    0x200005fc   Data          64  serv_port.o(.bss)
    serv_port_in_buf                         0x2000063c   Data         128  serv_port.o(.bss)
    serv_port_out_buf                        0x200006bc   Data         128  serv_port.o(.bss)
    serv_port_argv                           0x2000073c   Data          32  serv_port.o(.bss)
    memspace_map                             0x2000075c   Data          72  user.o(.bss)
    acc_aes_global                           0x200007a4   Data          44  acc_aes.o(.bss)
    acc_aes                                  0x200007d0   Data          44  acc_aes.o(.bss)
    pFlash                                   0x200007fc   Data          24  stm32l1xx_hal_flash.o(.bss)
    __libspace_start                         0x20000814   Data          96  libspace.o(.bss)
    __temporary_stack_top$libspace           0x20000874   Data           0  libspace.o(.bss)



==============================================================================

Memory Map of the image

  Image Entry point : 0x080001ed

  Load Region LR_1 (Base: 0x08000000, Size: 0x0000609c, Max: 0xffffffff, ABSOLUTE)

    Execution Region ER_RO (Base: 0x08000000, Size: 0x00005fa4, Max: 0xffffffff, ABSOLUTE)

    Base Addr    Size         Type   Attr      Idx    E Section Name        Object

    0x08000000   0x00000124   Data   RO         3832    RESET               startup_stm32l162xd.o
    0x08000124   0x00000008   Code   RO         4444  * !!!main             c_w.l(__main.o)
    0x0800012c   0x00000034   Code   RO         4779    !!!scatter          c_w.l(__scatter.o)
    0x08000160   0x0000001a   Code   RO         4781    !!handler_copy      c_w.l(__scatter_copy.o)
    0x0800017a   0x00000002   PAD
    0x0800017c   0x0000001c   Code   RO         4783    !!handler_zi        c_w.l(__scatter_zi.o)
    0x08000198   0x00000000   Code   RO         4429    .ARM.Collect$$_printf_percent$$00000000  c_w.l(_printf_percent.o)
    0x08000198   0x00000006   Code   RO         4427    .ARM.Collect$$_printf_percent$$00000008  c_w.l(_printf_i.o)
    0x0800019e   0x00000006   Code   RO         4428    .ARM.Collect$$_printf_percent$$0000000A  c_w.l(_printf_u.o)
    0x080001a4   0x00000006   Code   RO         4424    .ARM.Collect$$_printf_percent$$00000013  c_w.l(_printf_c.o)
    0x080001aa   0x00000006   Code   RO         4425    .ARM.Collect$$_printf_percent$$00000014  c_w.l(_printf_s.o)
    0x080001b0   0x00000004   Code   RO         4476    .ARM.Collect$$_printf_percent$$00000017  c_w.l(_printf_percent_end.o)
    0x080001b4   0x00000002   Code   RO         4545    .ARM.Collect$$libinit$$00000000  c_w.l(libinit.o)
    0x080001b6   0x00000000   Code   RO         4547    .ARM.Collect$$libinit$$00000002  c_w.l(libinit2.o)
    0x080001b6   0x00000000   Code   RO         4549    .ARM.Collect$$libinit$$00000004  c_w.l(libinit2.o)
    0x080001b6   0x00000000   Code   RO         4552    .ARM.Collect$$libinit$$0000000A  c_w.l(libinit2.o)
    0x080001b6   0x00000000   Code   RO         4554    .ARM.Collect$$libinit$$0000000C  c_w.l(libinit2.o)
    0x080001b6   0x00000000   Code   RO         4556    .ARM.Collect$$libinit$$0000000E  c_w.l(libinit2.o)
    0x080001b6   0x00000006   Code   RO         4557    .ARM.Collect$$libinit$$0000000F  c_w.l(libinit2.o)
    0x080001bc   0x00000000   Code   RO         4559    .ARM.Collect$$libinit$$00000011  c_w.l(libinit2.o)
    0x080001bc   0x0000000c   Code   RO         4560    .ARM.Collect$$libinit$$00000012  c_w.l(libinit2.o)
    0x080001c8   0x00000000   Code   RO         4561    .ARM.Collect$$libinit$$00000013  c_w.l(libinit2.o)
    0x080001c8   0x00000000   Code   RO         4563    .ARM.Collect$$libinit$$00000015  c_w.l(libinit2.o)
    0x080001c8   0x00000000   Code   RO         4565    .ARM.Collect$$libinit$$00000017  c_w.l(libinit2.o)
    0x080001c8   0x00000000   Code   RO         4567    .ARM.Collect$$libinit$$00000019  c_w.l(libinit2.o)
    0x080001c8   0x00000000   Code   RO         4569    .ARM.Collect$$libinit$$0000001B  c_w.l(libinit2.o)
    0x080001c8   0x00000000   Code   RO         4571    .ARM.Collect$$libinit$$0000001D  c_w.l(libinit2.o)
    0x080001c8   0x00000000   Code   RO         4573    .ARM.Collect$$libinit$$0000001F  c_w.l(libinit2.o)
    0x080001c8   0x00000000   Code   RO         4575    .ARM.Collect$$libinit$$00000021  c_w.l(libinit2.o)
    0x080001c8   0x00000000   Code   RO         4577    .ARM.Collect$$libinit$$00000023  c_w.l(libinit2.o)
    0x080001c8   0x00000000   Code   RO         4579    .ARM.Collect$$libinit$$00000025  c_w.l(libinit2.o)
    0x080001c8   0x00000000   Code   RO         4583    .ARM.Collect$$libinit$$0000002C  c_w.l(libinit2.o)
    0x080001c8   0x00000000   Code   RO         4585    .ARM.Collect$$libinit$$0000002E  c_w.l(libinit2.o)
    0x080001c8   0x00000000   Code   RO         4587    .ARM.Collect$$libinit$$00000030  c_w.l(libinit2.o)
    0x080001c8   0x00000000   Code   RO         4589    .ARM.Collect$$libinit$$00000032  c_w.l(libinit2.o)
    0x080001c8   0x00000002   Code   RO         4590    .ARM.Collect$$libinit$$00000033  c_w.l(libinit2.o)
    0x080001ca   0x00000002   Code   RO         4676    .ARM.Collect$$libshutdown$$00000000  c_w.l(libshutdown.o)
    0x080001cc   0x00000000   Code   RO         4703    .ARM.Collect$$libshutdown$$00000002  c_w.l(libshutdown2.o)
    0x080001cc   0x00000000   Code   RO         4705    .ARM.Collect$$libshutdown$$00000004  c_w.l(libshutdown2.o)
    0x080001cc   0x00000000   Code   RO         4708    .ARM.Collect$$libshutdown$$00000007  c_w.l(libshutdown2.o)
    0x080001cc   0x00000000   Code   RO         4711    .ARM.Collect$$libshutdown$$0000000A  c_w.l(libshutdown2.o)
    0x080001cc   0x00000000   Code   RO         4713    .ARM.Collect$$libshutdown$$0000000C  c_w.l(libshutdown2.o)
    0x080001cc   0x00000000   Code   RO         4716    .ARM.Collect$$libshutdown$$0000000F  c_w.l(libshutdown2.o)
    0x080001cc   0x00000002   Code   RO         4717    .ARM.Collect$$libshutdown$$00000010  c_w.l(libshutdown2.o)
    0x080001ce   0x00000000   Code   RO         4463    .ARM.Collect$$rtentry$$00000000  c_w.l(__rtentry.o)
    0x080001ce   0x00000000   Code   RO         4495    .ARM.Collect$$rtentry$$00000002  c_w.l(__rtentry2.o)
    0x080001ce   0x00000006   Code   RO         4507    .ARM.Collect$$rtentry$$00000004  c_w.l(__rtentry4.o)
    0x080001d4   0x00000000   Code   RO         4497    .ARM.Collect$$rtentry$$00000009  c_w.l(__rtentry2.o)
    0x080001d4   0x00000004   Code   RO         4498    .ARM.Collect$$rtentry$$0000000A  c_w.l(__rtentry2.o)
    0x080001d8   0x00000000   Code   RO         4500    .ARM.Collect$$rtentry$$0000000C  c_w.l(__rtentry2.o)
    0x080001d8   0x00000008   Code   RO         4501    .ARM.Collect$$rtentry$$0000000D  c_w.l(__rtentry2.o)
    0x080001e0   0x00000002   Code   RO         4591    .ARM.Collect$$rtexit$$00000000  c_w.l(rtexit.o)
    0x080001e2   0x00000000   Code   RO         4640    .ARM.Collect$$rtexit$$00000002  c_w.l(rtexit2.o)
    0x080001e2   0x00000004   Code   RO         4641    .ARM.Collect$$rtexit$$00000003  c_w.l(rtexit2.o)
    0x080001e6   0x00000006   Code   RO         4642    .ARM.Collect$$rtexit$$00000004  c_w.l(rtexit2.o)
    0x080001ec   0x00000040   Code   RO         3833  * .text               startup_stm32l162xd.o
    0x0800022c   0x00000008   Code   RO         4369    .text               c_w.l(rt_errno_addr_intlibspace.o)
    0x08000234   0x00000034   Code   RO         4373    .text               c_w.l(noretval__2snprintf.o)
    0x08000268   0x00000052   Code   RO         4379    .text               c_w.l(_printf_str.o)
    0x080002ba   0x00000002   PAD
    0x080002bc   0x00000078   Code   RO         4381    .text               c_w.l(_printf_dec.o)
    0x08000334   0x00000138   Code   RO         4416    .text               c_w.l(__printf_flags_wp.o)
    0x0800046c   0x00000070   Code   RO         4430    .text               c_w.l(strtol.o)
    0x080004dc   0x00000004   Code   RO         4432    .text               c_w.l(strtok_r.o)
    0x080004e0   0x0000003e   Code   RO         4434    .text               c_w.l(strlen.o)
    0x0800051e   0x0000008a   Code   RO         4436    .text               c_w.l(rt_memcpy_v6.o)
    0x080005a8   0x0000004e   Code   RO         4438    .text               c_w.l(rt_memclr_w.o)
    0x080005f6   0x00000002   PAD
    0x080005f8   0x00000080   Code   RO         4440    .text               c_w.l(strcmpv7m.o)
    0x08000678   0x00000006   Code   RO         4442    .text               c_w.l(heapauxi.o)
    0x0800067e   0x00000002   PAD
    0x08000680   0x00000008   Code   RO         4460    .text               c_w.l(libspace.o)
    0x08000688   0x00000010   Code   RO         4464    .text               c_w.l(rt_ctype_table.o)
    0x08000698   0x000000b2   Code   RO         4466    .text               c_w.l(_printf_intcommon.o)
    0x0800074a   0x00000002   PAD
    0x0800074c   0x00000030   Code   RO         4468    .text               c_w.l(_printf_char_common.o)
    0x0800077c   0x0000000a   Code   RO         4470    .text               c_w.l(_sputc.o)
    0x08000786   0x00000010   Code   RO         4472    .text               c_w.l(_snputc.o)
    0x08000796   0x0000002c   Code   RO         4474    .text               c_w.l(_printf_char.o)
    0x080007c2   0x0000009e   Code   RO         4477    .text               c_w.l(_strtoul.o)
    0x08000860   0x00000044   Code   RO         4481    .text               c_w.l(strtok_int.o)
    0x080008a4   0x00000064   Code   RO         4483    .text               c_w.l(rt_memcpy_w.o)
    0x08000908   0x00000008   Code   RO         4512    .text               c_w.l(rt_locale_intlibspace.o)
    0x08000910   0x0000001c   Code   RO         4518    .text               c_w.l(_chval.o)
    0x0800092c   0x00000020   Code   RO         4528    .text               c_w.l(strcspn.o)
    0x0800094c   0x0000001c   Code   RO         4530    .text               c_w.l(strspn.o)
    0x08000968   0x0000004a   Code   RO         4534    .text               c_w.l(sys_stackheap_outer.o)
    0x080009b2   0x00000012   Code   RO         4538    .text               c_w.l(exit.o)
    0x080009c4   0x0000000c   Code   RO         4664    .text               c_w.l(sys_exit.o)
    0x080009d0   0x00000002   Code   RO         4693    .text               c_w.l(use_no_semi.o)
    0x080009d2   0x00000000   Code   RO         4695    .text               c_w.l(indicate_semi.o)
    0x080009d2   0x00000004   Code   RO          213    i.BusFault_Handler  stm32l1xx_it.o
    0x080009d6   0x000000b0   Code   RO         1136    i.CRYP_ProcessData  stm32l1xx_hal_cryp.o
    0x08000a86   0x0000002e   Code   RO         1139    i.CRYP_SetKey       stm32l1xx_hal_cryp.o
    0x08000ab4   0x00000002   Code   RO          214    i.DebugMon_Handler  stm32l1xx_it.o
    0x08000ab6   0x00000004   Code   RO            4    i.Error_Handler     main.o
    0x08000aba   0x00000002   PAD
    0x08000abc   0x00000030   Code   RO         1622    i.FLASH_PageErase   stm32l1xx_hal_flash_ex.o
    0x08000aec   0x00000088   Code   RO         1507    i.FLASH_SetErrorCode  stm32l1xx_hal_flash.o
    0x08000b74   0x00000084   Code   RO         1508    i.FLASH_WaitForLastOperation  stm32l1xx_hal_flash.o
    0x08000bf8   0x000000c2   Code   RO         1152    i.HAL_CRYP_AESECB_Decrypt  stm32l1xx_hal_cryp.o
    0x08000cba   0x000000be   Code   RO         1155    i.HAL_CRYP_AESECB_Encrypt  stm32l1xx_hal_cryp.o
    0x08000d78   0x0000003e   Code   RO         1158    i.HAL_CRYP_DeInit   stm32l1xx_hal_cryp.o
    0x08000db6   0x00000052   Code   RO         1163    i.HAL_CRYP_Init     stm32l1xx_hal_cryp.o
    0x08000e08   0x0000001c   Code   RO          321    i.HAL_CRYP_MspDeInit  stm32l1xx_hal_msp.o
    0x08000e24   0x00000050   Code   RO          322    i.HAL_CRYP_MspInit  stm32l1xx_hal_msp.o
    0x08000e74   0x00000090   Code   RO         1631    i.HAL_FLASHEx_Erase  stm32l1xx_hal_flash_ex.o
    0x08000f04   0x00000014   Code   RO         1512    i.HAL_FLASH_Lock    stm32l1xx_hal_flash.o
    0x08000f18   0x00000054   Code   RO         1517    i.HAL_FLASH_Program  stm32l1xx_hal_flash.o
    0x08000f6c   0x0000004c   Code   RO         1519    i.HAL_FLASH_Unlock  stm32l1xx_hal_flash.o
    0x08000fb8   0x000001ec   Code   RO         1867    i.HAL_GPIO_Init     stm32l1xx_hal_gpio.o
    0x080011a4   0x00000008   Code   RO         1870    i.HAL_GPIO_TogglePin  stm32l1xx_hal_gpio.o
    0x080011ac   0x0000000c   Code   RO          808    i.HAL_GetTick       stm32l1xx_hal.o
    0x080011b8   0x00000010   Code   RO          809    i.HAL_IncTick       stm32l1xx_hal.o
    0x080011c8   0x00000034   Code   RO          810    i.HAL_Init          stm32l1xx_hal.o
    0x080011fc   0x00000028   Code   RO          811    i.HAL_InitTick      stm32l1xx_hal.o
    0x08001224   0x00000002   Code   RO         2021    i.HAL_MspInit       stm32l1xx_hal_msp_template.o
    0x08001226   0x00000020   Code   RO          989    i.HAL_NVIC_EnableIRQ  stm32l1xx_hal_cortex.o
    0x08001246   0x0000007c   Code   RO          995    i.HAL_NVIC_SetPriority  stm32l1xx_hal_cortex.o
    0x080012c2   0x00000002   PAD
    0x080012c4   0x00000028   Code   RO          996    i.HAL_NVIC_SetPriorityGrouping  stm32l1xx_hal_cortex.o
    0x080012ec   0x00000010   Code   RO         2278    i.HAL_PWREx_GetVoltageRange  stm32l1xx_hal_pwr_ex.o
    0x080012fc   0x000002e8   Code   RO         2333    i.HAL_RCC_ClockConfig  stm32l1xx_hal_rcc.o
    0x080015e4   0x0000000c   Code   RO         2338    i.HAL_RCC_GetHCLKFreq  stm32l1xx_hal_rcc.o
    0x080015f0   0x0000002c   Code   RO         2340    i.HAL_RCC_GetPCLK1Freq  stm32l1xx_hal_rcc.o
    0x0800161c   0x0000002c   Code   RO         2341    i.HAL_RCC_GetPCLK2Freq  stm32l1xx_hal_rcc.o
    0x08001648   0x000000b4   Code   RO         2342    i.HAL_RCC_GetSysClockFreq  stm32l1xx_hal_rcc.o
    0x080016fc   0x000009bc   Code   RO         2345    i.HAL_RCC_OscConfig  stm32l1xx_hal_rcc.o
    0x080020b8   0x00000034   Code   RO         1000    i.HAL_SYSTICK_Config  stm32l1xx_hal_cortex.o
    0x080020ec   0x0000003c   Code   RO         2602    i.HAL_TIM_Base_DeInit  stm32l1xx_hal_tim.o
    0x08002128   0x00000034   Code   RO         2604    i.HAL_TIM_Base_Init  stm32l1xx_hal_tim.o
    0x0800215c   0x0000001c   Code   RO          323    i.HAL_TIM_Base_MspDeInit  stm32l1xx_hal_msp.o
    0x08002178   0x00000024   Code   RO          324    i.HAL_TIM_Base_MspInit  stm32l1xx_hal_msp.o
    0x0800219c   0x0000001e   Code   RO         2607    i.HAL_TIM_Base_Start  stm32l1xx_hal_tim.o
    0x080021ba   0x0000002e   Code   RO         2610    i.HAL_TIM_Base_Stop  stm32l1xx_hal_tim.o
    0x080021e8   0x0000006e   Code   RO         3285    i.HAL_UART_Init     stm32l1xx_hal_uart.o
    0x08002256   0x00000002   PAD
    0x08002258   0x000000a4   Code   RO          326    i.HAL_UART_MspInit  stm32l1xx_hal_msp.o
    0x080022fc   0x00000094   Code   RO          643    i.HAL_UART_RxCpltCallback  stm32l1xx_hal_clbk.o
    0x08002390   0x000000f0   Code   RO         3293    i.HAL_UART_Transmit  stm32l1xx_hal_uart.o
    0x08002480   0x00000004   Code   RO          215    i.HardFault_Handler  stm32l1xx_it.o
    0x08002484   0x00000004   Code   RO          216    i.MemManage_Handler  stm32l1xx_it.o
    0x08002488   0x00000002   Code   RO          217    i.NMI_Handler       stm32l1xx_it.o
    0x0800248a   0x00000002   Code   RO          218    i.PendSV_Handler    stm32l1xx_it.o
    0x0800248c   0x000000a8   Code   RO         2346    i.RCC_SetFlashLatencyFromMSIRange  stm32l1xx_hal_rcc.o
    0x08002534   0x00000002   Code   RO          219    i.SVC_Handler       stm32l1xx_it.o
    0x08002536   0x00000008   Code   RO          220    i.SysTick_Handler   stm32l1xx_it.o
    0x0800253e   0x00000002   PAD
    0x08002540   0x000000a0   Code   RO            5    i.SystemClock_Config  main.o
    0x080025e0   0x00000064   Code   RO         3841    i.SystemInit        system_stm32l1xx_1.o
    0x08002644   0x00000084   Code   RO         2688    i.TIM_Base_SetConfig  stm32l1xx_hal_tim.o
    0x080026c8   0x00000358   Code   RO         3305    i.UART_SetConfig    stm32l1xx_hal_uart.o
    0x08002a20   0x000000fa   Code   RO         3307    i.UART_WaitOnFlagUntilTimeout  stm32l1xx_hal_uart.o
    0x08002b1a   0x00000002   PAD
    0x08002b1c   0x0000002c   Code   RO          221    i.USART2_IRQHandler  stm32l1xx_it.o
    0x08002b48   0x00000004   Code   RO          222    i.UsageFault_Handler  stm32l1xx_it.o
    0x08002b4c   0x00000010   Code   RO         1002    i.__NVIC_GetPriorityGrouping  stm32l1xx_hal_cortex.o
    0x08002b5c   0x00000028   Code   RO         1003    i.__NVIC_SetPriority  stm32l1xx_hal_cortex.o
    0x08002b84   0x0000000e   Code   RO         4414    i._is_digit         c_w.l(__printf_wp.o)
    0x08002b92   0x00000002   PAD
    0x08002b94   0x00000184   Code   RO          742    i.acc_aes128_dec_cbc  acc_aes.o
    0x08002d18   0x00000178   Code   RO          744    i.acc_aes128_enc_cbc  acc_aes.o
    0x08002e90   0x00000038   Code   RO          746    i.acc_aes_init      acc_aes.o
    0x08002ec8   0x00000028   Code   RO          377    i.aes128_add_roundkey  my_aes.o
    0x08002ef0   0x00000122   Code   RO          378    i.aes128_dec_block  my_aes.o
    0x08003012   0x00000160   Code   RO          379    i.aes128_dec_cbc    my_aes.o
    0x08003172   0x00000122   Code   RO          381    i.aes128_enc_block  my_aes.o
    0x08003294   0x00000154   Code   RO          382    i.aes128_enc_cbc    my_aes.o
    0x080033e8   0x0000009c   Code   RO          384    i.aes128_expand_key  my_aes.o
    0x08003484   0x0000054c   Code   RO          385    i.aes128_inv_mix_columns  my_aes.o
    0x080039d0   0x00000032   Code   RO          386    i.aes128_inv_shift_rows  my_aes.o
    0x08003a02   0x00000002   PAD
    0x08003a04   0x00000078   Code   RO          387    i.aes128_inv_sub_bytes  my_aes.o
    0x08003a7c   0x000003dc   Code   RO          388    i.aes128_mix_columns  my_aes.o
    0x08003e58   0x00000032   Code   RO          389    i.aes128_shift_rows  my_aes.o
    0x08003e8a   0x00000002   PAD
    0x08003e8c   0x00000078   Code   RO          390    i.aes128_sub_bytes  my_aes.o
    0x08003f04   0x00000020   Code   RO          679    i.flash_erase       user.o
    0x08003f24   0x00000012   Code   RO          682    i.is_in_range_int   user.o
    0x08003f36   0x00000002   PAD
    0x08003f38   0x00000150   Code   RO            6    i.main              main.o
    0x08004088   0x00000054   Code   RO          571    i.serv_port_clrflash  serv_port_handlers.o
    0x080040dc   0x000004fc   Code   RO          572    i.serv_port_dec_handler  serv_port_handlers.o
    0x080045d8   0x000004fc   Code   RO          573    i.serv_port_enc_handler  serv_port_handlers.o
    0x08004ad4   0x000000d4   Code   RO          479    i.serv_port_gets    serv_port.o
    0x08004ba8   0x00000014   Code   RO          480    i.serv_port_init    serv_port.o
    0x08004bbc   0x0000001e   Code   RO          482    i.serv_port_print   serv_port.o
    0x08004bda   0x00000002   PAD
    0x08004bdc   0x00000214   Code   RO          574    i.serv_port_printcipher_handler  serv_port_handlers.o
    0x08004df0   0x00000218   Code   RO          575    i.serv_port_printdecipher_handler  serv_port_handlers.o
    0x08005008   0x00000210   Code   RO          576    i.serv_port_printplain_handler  serv_port_handlers.o
    0x08005218   0x000000c0   Code   RO          483    i.serv_port_process_cmd  serv_port.o
    0x080052d8   0x0000019c   Code   RO          577    i.serv_port_setclkres_handler  serv_port_handlers.o
    0x08005474   0x00000048   Code   RO          484    i.serv_port_uart_init  serv_port.o
    0x080054bc   0x0000004e   Code   RO          684    i.str_to_int        user.o
    0x0800550a   0x00000002   PAD
    0x0800550c   0x0000002c   Code   RO         4523    locale$$code        c_w.l(lc_ctype_c.o)
    0x08005538   0x00000008   Data   RO          300    .constdata          system_stm32l1xx.o
    0x08005540   0x00000844   Data   RO          392    .constdata          my_aes.o
    0x08005d84   0x00000011   Data   RO         4417    .constdata          c_w.l(__printf_flags_wp.o)
    0x08005d95   0x00000003   PAD
    0x08005d98   0x0000009a   Data   RO          579    .conststring        serv_port_handlers.o
    0x08005e32   0x00000002   PAD
    0x08005e34   0x0000003f   Data   RO          687    .conststring        user.o
    0x08005e73   0x00000001   PAD
    0x08005e74   0x00000020   Data   RO         4777    Region$$Table       anon$$obj.o
    0x08005e94   0x00000110   Data   RO         4522    locale$$data        c_w.l(lc_ctype_c.o)


    Execution Region ER_RW (Base: 0x20000000, Size: 0x000000f8, Max: 0xffffffff, ABSOLUTE)

    Base Addr    Size         Type   Attr      Idx    E Section Name        Object

    0x20000000   0x00000034   Data   RW           11    .data               main.o
    0x20000034   0x00000020   Data   RW          393    .data               my_aes.o
    0x20000054   0x00000008   Data   RW          487    .data               serv_port.o
    0x2000005c   0x00000039   Data   RW          580    .data               serv_port_handlers.o
    0x20000095   0x00000003   PAD
    0x20000098   0x0000003c   Data   RW          688    .data               user.o
    0x200000d4   0x00000004   Data   RW          816    .data               stm32l1xx_hal.o
    0x200000d8   0x0000001d   Data   RW         3842    .data               system_stm32l1xx_1.o


    Execution Region ER_ZI (Base: 0x200000f8, Size: 0x00000d80, Max: 0xffffffff, ABSOLUTE)

    Base Addr    Size         Type   Attr      Idx    E Section Name        Object

    0x200000f8   0x00000244   Zero   RW            9    .bss                main.o
    0x2000033c   0x000002c0   Zero   RW          391    .bss                my_aes.o
    0x200005fc   0x00000160   Zero   RW          485    .bss                serv_port.o
    0x2000075c   0x00000048   Zero   RW          685    .bss                user.o
    0x200007a4   0x00000058   Zero   RW          747    .bss                acc_aes.o
    0x200007fc   0x00000018   Zero   RW         1520    .bss                stm32l1xx_hal_flash.o
    0x20000814   0x00000060   Zero   RW         4461    .bss                c_w.l(libspace.o)
    0x20000874   0x00000004   PAD
    0x20000878   0x00000200   Zero   RW         3831    HEAP                startup_stm32l162xd.o
    0x20000a78   0x00000400   Zero   RW         3830    STACK               startup_stm32l162xd.o


==============================================================================

Image component sizes


      Code (inc. data)   RO Data    RW Data    ZI Data      Debug   Object Name

       820         26          0          0         88       3526   acc_aes.o
       500         64          0         52        580     324781   main.o
      4152         28       2116         32        704      11215   my_aes.o
       526         72          0          8        352       4036   serv_port.o
      4644       2346        154         57          0       8845   serv_port_handlers.o
        64         26        292          0       1536        796   startup_stm32l162xd.o
       120         18          0          4          0       3335   stm32l1xx_hal.o
       148         68          0          0          0        990   stm32l1xx_hal_clbk.o
       304         22          0          0          0      31003   stm32l1xx_hal_cortex.o
       750          0          0          0          0       5614   stm32l1xx_hal_cryp.o
       448         42          0          0         24       3662   stm32l1xx_hal_flash.o
       192         20          0          0          0       2031   stm32l1xx_hal_flash_ex.o
       500         42          0          0          0       2417   stm32l1xx_hal_gpio.o
       336         24          0          0          0       2799   stm32l1xx_hal_msp.o
         2          0          0          0          0        538   stm32l1xx_hal_msp_template.o
        16          6          0          0          0        584   stm32l1xx_hal_pwr_ex.o
      3684        100          0          0          0       7466   stm32l1xx_hal_rcc.o
       320         24          0          0          0       3811   stm32l1xx_hal_tim.o
      1456          6          0          0          0       3912   stm32l1xx_hal_uart.o
        76          4          0          0          0       3926   stm32l1xx_it.o
         0          0          8          0          0        504   system_stm32l1xx.o
       100         18          0         29          0       1217   system_stm32l1xx_1.o
       128          0         63         60         72       3418   user.o

    ----------------------------------------------------------------------
     19306       2956       2668        248       3356     430426   Object Totals
         0          0         32          0          0          0   (incl. Generated)
        20          0          3          6          0          0   (incl. Padding)

    ----------------------------------------------------------------------

      Code (inc. data)   RO Data    RW Data    ZI Data      Debug   Library Member Name

         8          0          0          0          0         68   __main.o
       312          4         17          0          0         92   __printf_flags_wp.o
        14          0          0          0          0         68   __printf_wp.o
         0          0          0          0          0          0   __rtentry.o
        12          0          0          0          0          0   __rtentry2.o
         6          0          0          0          0          0   __rtentry4.o
        52          8          0          0          0          0   __scatter.o
        26          0          0          0          0          0   __scatter_copy.o
        28          0          0          0          0          0   __scatter_zi.o
        28          0          0          0          0         68   _chval.o
         6          0          0          0          0          0   _printf_c.o
        44          0          0          0          0        108   _printf_char.o
        48          6          0          0          0         96   _printf_char_common.o
       120         16          0          0          0         92   _printf_dec.o
         6          0          0          0          0          0   _printf_i.o
       178          0          0          0          0         88   _printf_intcommon.o
         0          0          0          0          0          0   _printf_percent.o
         4          0          0          0          0          0   _printf_percent_end.o
         6          0          0          0          0          0   _printf_s.o
        82          0          0          0          0         80   _printf_str.o
         6          0          0          0          0          0   _printf_u.o
        16          0          0          0          0         68   _snputc.o
        10          0          0          0          0         68   _sputc.o
       158          0          0          0          0         92   _strtoul.o
        18          0          0          0          0         80   exit.o
         6          0          0          0          0        152   heapauxi.o
         0          0          0          0          0          0   indicate_semi.o
        44         10        272          0          0         76   lc_ctype_c.o
         2          0          0          0          0          0   libinit.o
        20          0          0          0          0          0   libinit2.o
         2          0          0          0          0          0   libshutdown.o
         2          0          0          0          0          0   libshutdown2.o
         8          4          0          0         96         68   libspace.o
        52          4          0          0          0         84   noretval__2snprintf.o
        16          4          0          0          0         76   rt_ctype_table.o
         8          4          0          0          0         68   rt_errno_addr_intlibspace.o
         8          4          0          0          0         68   rt_locale_intlibspace.o
        78          0          0          0          0         80   rt_memclr_w.o
       138          0          0          0          0         68   rt_memcpy_v6.o
       100          0          0          0          0         80   rt_memcpy_w.o
         2          0          0          0          0          0   rtexit.o
        10          0          0          0          0          0   rtexit2.o
       128          0          0          0          0         68   strcmpv7m.o
        32          0          0          0          0         80   strcspn.o
        62          0          0          0          0         76   strlen.o
        28          0          0          0          0         80   strspn.o
        68          4          0          0          0         84   strtok_int.o
         4          0          0          0          0         68   strtok_r.o
       112          0          0          0          0         88   strtol.o
        12          4          0          0          0         68   sys_exit.o
        74          0          0          0          0         80   sys_stackheap_outer.o
         2          0          0          0          0         68   use_no_semi.o

    ----------------------------------------------------------------------
      2218         72        292          0        100       2648   Library Totals
        12          0          3          0          4          0   (incl. Padding)

    ----------------------------------------------------------------------

      Code (inc. data)   RO Data    RW Data    ZI Data      Debug   Library Name

      2206         72        289          0         96       2648   c_w.l

    ----------------------------------------------------------------------
      2218         72        292          0        100       2648   Library Totals

    ----------------------------------------------------------------------

==============================================================================


      Code (inc. data)   RO Data    RW Data    ZI Data      Debug   

     21524       3028       2960        248       3456     426986   Grand Totals
     21524       3028       2960        248       3456     426986   ELF Image Totals
     21524       3028       2960        248          0          0   ROM Totals

==============================================================================

    Total RO  Size (Code + RO Data)                24484 (  23.91kB)
    Total RW  Size (RW Data + ZI Data)              3704 (   3.62kB)
    Total ROM Size (Code + RO Data + RW Data)      24732 (  24.15kB)

==============================================================================

